
Memory Configuration

Name             Origin             Length             Attributes
flash            0x0000000008000000 0x0000000000020000 xr
sram             0x0000000020000000 0x0000000000005000 xrw
*default*        0x0000000000000000 0xffffffffffffffff

Linker script and memory map


.text           0x0000000008000000       0xd7
 *(.vectors*)
 .vectors       0x0000000008000000       0x50 Startup.o
 *(.text*)
 .text          0x0000000008000050       0x7c main.o
                0x0000000008000050                main
 .text          0x00000000080000cc        0x8 Startup.o
 *(.rodata*)
 .rodata        0x00000000080000d4        0x3 main.o
                0x00000000080000d4                const_variables

.glue_7         0x00000000080000d8        0x0
 .glue_7        0x00000000080000d8        0x0 linker stubs

.glue_7t        0x00000000080000d8        0x0
 .glue_7t       0x00000000080000d8        0x0 linker stubs

.vfp11_veneer   0x00000000080000d8        0x0
 .vfp11_veneer  0x00000000080000d8        0x0 linker stubs

.v4_bx          0x00000000080000d8        0x0
 .v4_bx         0x00000000080000d8        0x0 linker stubs

.iplt           0x00000000080000d8        0x0
 .iplt          0x00000000080000d8        0x0 main.o

.rel.dyn        0x00000000080000d8        0x0
 .rel.iplt      0x00000000080000d8        0x0 main.o

.data           0x0000000020000000        0x8
 *(.data*)
 .data          0x0000000020000000        0x8 main.o
                0x0000000020000000                g_variables
                0x0000000020000004                R_ODR
 .data          0x0000000020000008        0x0 Startup.o

.igot.plt       0x0000000020000008        0x0
 .igot.plt      0x0000000020000008        0x0 main.o

.bss            0x0000000020000008        0x0
 *(.bss)
 .bss           0x0000000020000008        0x0 main.o
 .bss           0x0000000020000008        0x0 Startup.o
LOAD main.o
LOAD Startup.o
OUTPUT(LAB1_ARM_CORTEX-M3.elf elf32-littlearm)

.debug_info     0x0000000000000000      0x1c3
 .debug_info    0x0000000000000000      0x19d main.o
 .debug_info    0x000000000000019d       0x26 Startup.o

.debug_abbrev   0x0000000000000000       0xfe
 .debug_abbrev  0x0000000000000000       0xea main.o
 .debug_abbrev  0x00000000000000ea       0x14 Startup.o

.debug_loc      0x0000000000000000       0x38
 .debug_loc     0x0000000000000000       0x38 main.o

.debug_aranges  0x0000000000000000       0x40
 .debug_aranges
                0x0000000000000000       0x20 main.o
 .debug_aranges
                0x0000000000000020       0x20 Startup.o

.debug_line     0x0000000000000000      0x21a
 .debug_line    0x0000000000000000      0x1df main.o
 .debug_line    0x00000000000001df       0x3b Startup.o

.debug_str      0x0000000000000000      0x1ae
 .debug_str     0x0000000000000000      0x196 main.o
                                        0x1d3 (size before relaxing)
 .debug_str     0x0000000000000196       0x18 Startup.o
                                         0x88 (size before relaxing)

.comment        0x0000000000000000       0x7b
 .comment       0x0000000000000000       0x7b main.o
                                         0x7c (size before relaxing)

.ARM.attributes
                0x0000000000000000       0x31
 .ARM.attributes
                0x0000000000000000       0x33 main.o
 .ARM.attributes
                0x0000000000000033       0x21 Startup.o

.debug_frame    0x0000000000000000       0x2c
 .debug_frame   0x0000000000000000       0x2c main.o
