Archive member included to satisfy reference by file (symbol)

c:/st/stm32cubeide_1.4.0/stm32cubeide/plugins/com.st.stm32cube.ide.mcu.externaltools.gnu-tools-for-stm32.7-2018-q2-update.win32_1.4.0.202007081208/tools/bin/../lib/gcc/arm-none-eabi/7.3.1/../../../../arm-none-eabi/lib/thumb/v7-m\libc_nano.a(lib_a-errno.o)
                              Src/syscalls.o (__errno)
c:/st/stm32cubeide_1.4.0/stm32cubeide/plugins/com.st.stm32cube.ide.mcu.externaltools.gnu-tools-for-stm32.7-2018-q2-update.win32_1.4.0.202007081208/tools/bin/../lib/gcc/arm-none-eabi/7.3.1/../../../../arm-none-eabi/lib/thumb/v7-m\libc_nano.a(lib_a-exit.o)
                              c:/st/stm32cubeide_1.4.0/stm32cubeide/plugins/com.st.stm32cube.ide.mcu.externaltools.gnu-tools-for-stm32.7-2018-q2-update.win32_1.4.0.202007081208/tools/bin/../lib/gcc/arm-none-eabi/7.3.1/../../../../arm-none-eabi/lib/thumb/v7-m/crt0.o (exit)
c:/st/stm32cubeide_1.4.0/stm32cubeide/plugins/com.st.stm32cube.ide.mcu.externaltools.gnu-tools-for-stm32.7-2018-q2-update.win32_1.4.0.202007081208/tools/bin/../lib/gcc/arm-none-eabi/7.3.1/../../../../arm-none-eabi/lib/thumb/v7-m\libc_nano.a(lib_a-impure.o)
                              c:/st/stm32cubeide_1.4.0/stm32cubeide/plugins/com.st.stm32cube.ide.mcu.externaltools.gnu-tools-for-stm32.7-2018-q2-update.win32_1.4.0.202007081208/tools/bin/../lib/gcc/arm-none-eabi/7.3.1/../../../../arm-none-eabi/lib/thumb/v7-m\libc_nano.a(lib_a-exit.o) (_global_impure_ptr)
c:/st/stm32cubeide_1.4.0/stm32cubeide/plugins/com.st.stm32cube.ide.mcu.externaltools.gnu-tools-for-stm32.7-2018-q2-update.win32_1.4.0.202007081208/tools/bin/../lib/gcc/arm-none-eabi/7.3.1/../../../../arm-none-eabi/lib/thumb/v7-m\libc_nano.a(lib_a-init.o)
                              c:/st/stm32cubeide_1.4.0/stm32cubeide/plugins/com.st.stm32cube.ide.mcu.externaltools.gnu-tools-for-stm32.7-2018-q2-update.win32_1.4.0.202007081208/tools/bin/../lib/gcc/arm-none-eabi/7.3.1/../../../../arm-none-eabi/lib/thumb/v7-m/crt0.o (__libc_init_array)
c:/st/stm32cubeide_1.4.0/stm32cubeide/plugins/com.st.stm32cube.ide.mcu.externaltools.gnu-tools-for-stm32.7-2018-q2-update.win32_1.4.0.202007081208/tools/bin/../lib/gcc/arm-none-eabi/7.3.1/../../../../arm-none-eabi/lib/thumb/v7-m\libc_nano.a(lib_a-memset.o)
                              c:/st/stm32cubeide_1.4.0/stm32cubeide/plugins/com.st.stm32cube.ide.mcu.externaltools.gnu-tools-for-stm32.7-2018-q2-update.win32_1.4.0.202007081208/tools/bin/../lib/gcc/arm-none-eabi/7.3.1/../../../../arm-none-eabi/lib/thumb/v7-m/crt0.o (memset)
c:/st/stm32cubeide_1.4.0/stm32cubeide/plugins/com.st.stm32cube.ide.mcu.externaltools.gnu-tools-for-stm32.7-2018-q2-update.win32_1.4.0.202007081208/tools/bin/../lib/gcc/arm-none-eabi/7.3.1/../../../../arm-none-eabi/lib/thumb/v7-m\libc_nano.a(lib_a-sprintf.o)
                              STM32F103x6/HAL/LCD/LCD.o (sprintf)
c:/st/stm32cubeide_1.4.0/stm32cubeide/plugins/com.st.stm32cube.ide.mcu.externaltools.gnu-tools-for-stm32.7-2018-q2-update.win32_1.4.0.202007081208/tools/bin/../lib/gcc/arm-none-eabi/7.3.1/../../../../arm-none-eabi/lib/thumb/v7-m\libc_nano.a(lib_a-nano-svfprintf.o)
                              c:/st/stm32cubeide_1.4.0/stm32cubeide/plugins/com.st.stm32cube.ide.mcu.externaltools.gnu-tools-for-stm32.7-2018-q2-update.win32_1.4.0.202007081208/tools/bin/../lib/gcc/arm-none-eabi/7.3.1/../../../../arm-none-eabi/lib/thumb/v7-m\libc_nano.a(lib_a-sprintf.o) (_svfprintf_r)
c:/st/stm32cubeide_1.4.0/stm32cubeide/plugins/com.st.stm32cube.ide.mcu.externaltools.gnu-tools-for-stm32.7-2018-q2-update.win32_1.4.0.202007081208/tools/bin/../lib/gcc/arm-none-eabi/7.3.1/../../../../arm-none-eabi/lib/thumb/v7-m\libc_nano.a(lib_a-nano-vfprintf_i.o)
                              c:/st/stm32cubeide_1.4.0/stm32cubeide/plugins/com.st.stm32cube.ide.mcu.externaltools.gnu-tools-for-stm32.7-2018-q2-update.win32_1.4.0.202007081208/tools/bin/../lib/gcc/arm-none-eabi/7.3.1/../../../../arm-none-eabi/lib/thumb/v7-m\libc_nano.a(lib_a-nano-svfprintf.o) (_printf_i)
c:/st/stm32cubeide_1.4.0/stm32cubeide/plugins/com.st.stm32cube.ide.mcu.externaltools.gnu-tools-for-stm32.7-2018-q2-update.win32_1.4.0.202007081208/tools/bin/../lib/gcc/arm-none-eabi/7.3.1/../../../../arm-none-eabi/lib/thumb/v7-m\libc_nano.a(lib_a-memchr-stub.o)
                              c:/st/stm32cubeide_1.4.0/stm32cubeide/plugins/com.st.stm32cube.ide.mcu.externaltools.gnu-tools-for-stm32.7-2018-q2-update.win32_1.4.0.202007081208/tools/bin/../lib/gcc/arm-none-eabi/7.3.1/../../../../arm-none-eabi/lib/thumb/v7-m\libc_nano.a(lib_a-nano-svfprintf.o) (memchr)
c:/st/stm32cubeide_1.4.0/stm32cubeide/plugins/com.st.stm32cube.ide.mcu.externaltools.gnu-tools-for-stm32.7-2018-q2-update.win32_1.4.0.202007081208/tools/bin/../lib/gcc/arm-none-eabi/7.3.1/../../../../arm-none-eabi/lib/thumb/v7-m\libc_nano.a(lib_a-memcpy-stub.o)
[...]
Memory Configuration

Name             Origin             Length             Attributes
RAM              0x0000000020000000 0x0000000000002800 xrw
ROM              0x0000000008000000 0x0000000000008000 xr
*default*        0x0000000000000000 0xffffffffffffffff

Linker script and memory map

LOAD c:/st/stm32cubeide_1.4.0/stm32cubeide/plugins/com.st.stm32cube.ide.mcu.externaltools.gnu-tools-for-stm32.7-2018-q2-update.win32_1.4.0.202007081208/tools/bin/../lib/gcc/arm-none-eabi/7.3.1/thumb/v7-m/crti.o
LOAD c:/st/stm32cubeide_1.4.0/stm32cubeide/plugins/com.st.stm32cube.ide.mcu.externaltools.gnu-tools-for-stm32.7-2018-q2-update.win32_1.4.0.202007081208/tools/bin/../lib/gcc/arm-none-eabi/7.3.1/thumb/v7-m/crtbegin.o
LOAD c:/st/stm32cubeide_1.4.0/stm32cubeide/plugins/com.st.stm32cube.ide.mcu.externaltools.gnu-tools-for-stm32.7-2018-q2-update.win32_1.4.0.202007081208/tools/bin/../lib/gcc/arm-none-eabi/7.3.1/../../../../arm-none-eabi/lib/thumb/v7-m/crt0.o
LOAD Inc/lcd.o
LOAD STM32F103x6/HAL/7 Segmet/Segment.o
LOAD STM32F103x6/HAL/Keypad/Keypad.o
LOAD STM32F103x6/HAL/LCD/LCD.o
LOAD STM32F103x6/Src/EXTI.o
LOAD STM32F103x6/Src/GPIO.o
LOAD Src/main.o
LOAD Src/syscalls.o
LOAD Src/sysmem.o
LOAD Startup/startup_stm32f103c6tx.o
START GROUP
LOAD c:/st/stm32cubeide_1.4.0/stm32cubeide/plugins/com.st.stm32cube.ide.mcu.externaltools.gnu-tools-for-stm32.7-2018-q2-update.win32_1.4.0.202007081208/tools/bin/../lib/gcc/arm-none-eabi/7.3.1/../../../../arm-none-eabi/lib/thumb/v7-m\libc_nano.a
LOAD c:/st/stm32cubeide_1.4.0/stm32cubeide/plugins/com.st.stm32cube.ide.mcu.externaltools.gnu-tools-for-stm32.7-2018-q2-update.win32_1.4.0.202007081208/tools/bin/../lib/gcc/arm-none-eabi/7.3.1/../../../../arm-none-eabi/lib/thumb/v7-m\libm.a
END GROUP
START GROUP
LOAD c:/st/stm32cubeide_1.4.0/stm32cubeide/plugins/com.st.stm32cube.ide.mcu.externaltools.gnu-tools-for-stm32.7-2018-q2-update.win32_1.4.0.202007081208/tools/bin/../lib/gcc/arm-none-eabi/7.3.1/thumb/v7-m\libgcc.a
LOAD c:/st/stm32cubeide_1.4.0/stm32cubeide/plugins/com.st.stm32cube.ide.mcu.externaltools.gnu-tools-for-stm32.7-2018-q2-update.win32_1.4.0.202007081208/tools/bin/../lib/gcc/arm-none-eabi/7.3.1/../../../../arm-none-eabi/lib/thumb/v7-m\libg_nano.a
LOAD c:/st/stm32cubeide_1.4.0/stm32cubeide/plugins/com.st.stm32cube.ide.mcu.externaltools.gnu-tools-for-stm32.7-2018-q2-update.win32_1.4.0.202007081208/tools/bin/../lib/gcc/arm-none-eabi/7.3.1/../../../../arm-none-eabi/lib/thumb/v7-m\libc_nano.a
END GROUP
START GROUP
LOAD c:/st/stm32cubeide_1.4.0/stm32cubeide/plugins/com.st.stm32cube.ide.mcu.externaltools.gnu-tools-for-stm32.7-2018-q2-update.win32_1.4.0.202007081208/tools/bin/../lib/gcc/arm-none-eabi/7.3.1/thumb/v7-m\libgcc.a
LOAD c:/st/stm32cubeide_1.4.0/stm32cubeide/plugins/com.st.stm32cube.ide.mcu.externaltools.gnu-tools-for-stm32.7-2018-q2-update.win32_1.4.0.202007081208/tools/bin/../lib/gcc/arm-none-eabi/7.3.1/../../../../arm-none-eabi/lib/thumb/v7-m\libc_nano.a
LOAD c:/st/stm32cubeide_1.4.0/stm32cubeide/plugins/com.st.stm32cube.ide.mcu.externaltools.gnu-tools-for-stm32.7-2018-q2-update.win32_1.4.0.202007081208/tools/bin/../lib/gcc/arm-none-eabi/7.3.1/../../../../arm-none-eabi/lib/thumb/v7-m\libnosys.a
END GROUP
START GROUP
LOAD c:/st/stm32cubeide_1.4.0/stm32cubeide/plugins/com.st.stm32cube.ide.mcu.externaltools.gnu-tools-for-stm32.7-2018-q2-update.win32_1.4.0.202007081208/tools/bin/../lib/gcc/arm-none-eabi/7.3.1/thumb/v7-m\libgcc.a
LOAD c:/st/stm32cubeide_1.4.0/stm32cubeide/plugins/com.st.stm32cube.ide.mcu.externaltools.gnu-tools-for-stm32.7-2018-q2-update.win32_1.4.0.202007081208/tools/bin/../lib/gcc/arm-none-eabi/7.3.1/../../../../arm-none-eabi/lib/thumb/v7-m\libc_nano.a
LOAD c:/st/stm32cubeide_1.4.0/stm32cubeide/plugins/com.st.stm32cube.ide.mcu.externaltools.gnu-tools-for-stm32.7-2018-q2-update.win32_1.4.0.202007081208/tools/bin/../lib/gcc/arm-none-eabi/7.3.1/../../../../arm-none-eabi/lib/thumb/v7-m\libnosys.a
END GROUP
LOAD c:/st/stm32cubeide_1.4.0/stm32cubeide/plugins/com.st.stm32cube.ide.mcu.externaltools.gnu-tools-for-stm32.7-2018-q2-update.win32_1.4.0.202007081208/tools/bin/../lib/gcc/arm-none-eabi/7.3.1/thumb/v7-m/crtend.o
LOAD c:/st/stm32cubeide_1.4.0/stm32cubeide/plugins/com.st.stm32cube.ide.mcu.externaltools.gnu-tools-for-stm32.7-2018-q2-update.win32_1.4.0.202007081208/tools/bin/../lib/gcc/arm-none-eabi/7.3.1/thumb/v7-m/crtn.o
                0x0000000020002800                _estack = (ORIGIN (RAM) + LENGTH (RAM))
                0x0000000000000200                _Min_Heap_Size = 0x200
                0x0000000000000400                _Min_Stack_Size = 0x400

.isr_vector     0x0000000008000000      0x130
                0x0000000008000000                . = ALIGN (0x4)
 *(.isr_vector)
 .isr_vector    0x0000000008000000      0x130 Startup/startup_stm32f103c6tx.o
                0x0000000008000000                g_pfnVectors
                0x0000000008000130                . = ALIGN (0x4)

.text           0x0000000008000130     0x10a0
                0x0000000008000130                . = ALIGN (0x4)
 *(.text)
 .text          0x0000000008000130       0x40 c:/st/stm32cubeide_1.4.0/stm32cubeide/plugins/com.st.stm32cube.ide.mcu.externaltools.gnu-tools-for-stm32.7-2018-q2-update.win32_1.4.0.202007081208/tools/bin/../lib/gcc/arm-none-eabi/7.3.1/thumb/v7-m/crtbegin.o
 *(.text*)
 .text.delay_ms
                0x0000000008000170       0x38 Inc/lcd.o
                0x0000000008000170                delay_ms
 .text.LCD_clear_screen
                0x00000000080001a8        0xe Inc/lcd.o
                0x00000000080001a8                LCD_clear_screen
 .text.LCD_GOTO_XY
                0x00000000080001b6       0x48 Inc/lcd.o
                0x00000000080001b6                LCD_GOTO_XY
 *fill*         0x00000000080001fe        0x2 
 .text.LCD_INIT
                0x0000000008000200      0x180 Inc/lcd.o
                0x0000000008000200                LCD_INIT
 .text.LCD_WRITE_COMMAND
                0x0000000008000380       0x60 Inc/lcd.o
                0x0000000008000380                LCD_WRITE_COMMAND
 .text.LCD_WRITE_CHAR
                0x00000000080003e0       0x60 Inc/lcd.o
                0x00000000080003e0                LCD_WRITE_CHAR
 .text.LCD_WRITE_STRING
                0x0000000008000440       0x58 Inc/lcd.o
                0x0000000008000440                LCD_WRITE_STRING
 .text.HAL_7_Segment_INIT
                0x0000000008000498       0xdc STM32F103x6/HAL/7 Segmet/Segment.o
                0x0000000008000498                HAL_7_Segment_INIT
 .text.INPUT_IS_STILL_VALID
                0x0000000008000574       0x50 STM32F103x6/HAL/Keypad/Keypad.o
                0x0000000008000574                INPUT_IS_STILL_VALID
 .text.HAL_Keypad_INIT
                0x00000000080005c4      0x100 STM32F103x6/HAL/Keypad/Keypad.o
                0x00000000080005c4                HAL_Keypad_INIT
 .text.HAL_Keypad_Get_Character
                0x00000000080006c4      0x11c STM32F103x6/HAL/Keypad/Keypad.o
                0x00000000080006c4                HAL_Keypad_Get_Character
 .text._delay_ms
                0x00000000080007e0       0x38 STM32F103x6/HAL/LCD/LCD.o
                0x00000000080007e0                _delay_ms
 .text.EXTI0_IRQHandler
                0x0000000008000818       0x2c STM32F103x6/Src/EXTI.o
                0x0000000008000818                EXTI0_IRQHandler
 .text.EXTI1_IRQHandler
                0x0000000008000844       0x2c STM32F103x6/Src/EXTI.o
                0x0000000008000844                EXTI1_IRQHandler
 .text.EXTI2_IRQHandler
                0x0000000008000870       0x2c STM32F103x6/Src/EXTI.o
                0x0000000008000870                EXTI2_IRQHandler
 .text.EXTI3_IRQHandler
                0x000000000800089c       0x2c STM32F103x6/Src/EXTI.o
                0x000000000800089c                EXTI3_IRQHandler
 .text.EXTI4_IRQHandler
                0x00000000080008c8       0x2c STM32F103x6/Src/EXTI.o
                0x00000000080008c8                EXTI4_IRQHandler
 .text.EXTI9_5_IRQHandler
                0x00000000080008f4       0xf4 STM32F103x6/Src/EXTI.o
                0x00000000080008f4                EXTI9_5_IRQHandler
 .text.EXTI15_10_IRQHandler
                0x00000000080009e8      0x124 STM32F103x6/Src/EXTI.o
                0x00000000080009e8                EXTI15_10_IRQHandler
 .text.ConfigurationPin
                0x0000000008000b0c      0x324 STM32F103x6/Src/GPIO.o
                0x0000000008000b0c                ConfigurationPin
 .text.MCAL_GPIO_Init
                0x0000000008000e30       0xfc STM32F103x6/Src/GPIO.o
                0x0000000008000e30                MCAL_GPIO_Init
 .text.MCAL_GPIO_ReadPin
                0x0000000008000f2c       0x2e STM32F103x6/Src/GPIO.o
                0x0000000008000f2c                MCAL_GPIO_ReadPin
 .text.MCAL_GPIO_WritePin
                0x0000000008000f5a       0x3a STM32F103x6/Src/GPIO.o
                0x0000000008000f5a                MCAL_GPIO_WritePin
 .text.MCAL_GPIO_WritePort
                0x0000000008000f94       0x22 STM32F103x6/Src/GPIO.o
                0x0000000008000f94                MCAL_GPIO_WritePort
 *fill*         0x0000000008000fb6        0x2 
 .text.Clock_INIT
                0x0000000008000fb8       0x80 Src/main.o
                0x0000000008000fb8                Clock_INIT
 .text.main     0x0000000008001038       0xe4 Src/main.o
                0x0000000008001038                main
 .text.Reset_Handler
                0x000000000800111c       0x50 Startup/startup_stm32f103c6tx.o
                0x000000000800111c                Reset_Handler
 .text.Default_Handler
                0x000000000800116c        0x2 Startup/startup_stm32f103c6tx.o
                0x000000000800116c                TIM8_TRG_COM_IRQHandler
                0x000000000800116c                TIM8_CC_IRQHandler
                0x000000000800116c                DebugMon_Handler
                0x000000000800116c                TIM1_CC_IRQHandler
                0x000000000800116c                HardFault_Handler
                0x000000000800116c                TIM6_IRQHandler
                0x000000000800116c                SysTick_Handler
                0x000000000800116c                PVD_IRQHandler
                0x000000000800116c                SDIO_IRQHandler
                0x000000000800116c                PendSV_Handler
                0x000000000800116c                NMI_Handler
                0x000000000800116c                USB_HP_CAN_TX_IRQHandler
                0x000000000800116c                I2C2_EV_IRQHandler
                0x000000000800116c                UsageFault_Handler
                0x000000000800116c                ADC1_2_IRQHandler
                0x000000000800116c                SPI1_IRQHandler
                0x000000000800116c                CAN_SCE_IRQHandler
                0x000000000800116c                TAMPER_IRQHandler
                0x000000000800116c                TIM8_UP_IRQHandler
                0x000000000800116c                DMA2_Channel2_IRQHandler
                0x000000000800116c                DMA1_Channel4_IRQHandler
                0x000000000800116c                USART3_IRQHandler
                0x000000000800116c                RTC_IRQHandler
                0x000000000800116c                DMA1_Channel7_IRQHandler
                0x000000000800116c                UART5_IRQHandler
                0x000000000800116c                ADC3_IRQHandler
                0x000000000800116c                TIM4_IRQHandler
                0x000000000800116c                CAN_RX1_IRQHandler
                0x000000000800116c                DMA2_Channel1_IRQHandler
                0x000000000800116c                I2C1_EV_IRQHandler
                0x000000000800116c                DMA1_Channel6_IRQHandler
                0x000000000800116c                UART4_IRQHandler
                0x000000000800116c                TIM3_IRQHandler
                0x000000000800116c                RCC_IRQHandler
                0x000000000800116c                TIM1_TRG_COM_IRQHandler
                0x000000000800116c                DMA1_Channel1_IRQHandler
                0x000000000800116c                Default_Handler
                0x000000000800116c                TIM7_IRQHandler
                0x000000000800116c                TIM5_IRQHandler
                0x000000000800116c                SPI2_IRQHandler
                0x000000000800116c                USB_LP_CAN_RX0_IRQHandler
                0x000000000800116c                MemManage_Handler
                0x000000000800116c                SVC_Handler
                0x000000000800116c                DMA1_Channel5_IRQHandler
                0x000000000800116c                DMA1_Channel3_IRQHandler
                0x000000000800116c                FSMC_IRQHandler
                0x000000000800116c                TIM1_UP_IRQHandler
                0x000000000800116c                WWDG_IRQHandler
                0x000000000800116c                TIM2_IRQHandler
                0x000000000800116c                TIM1_BRK_IRQHandler
                0x000000000800116c                RTCAlarm_IRQHandler
                0x000000000800116c                DMA2_Channel4_5_IRQHandler
                0x000000000800116c                USART2_IRQHandler
                0x000000000800116c                I2C2_ER_IRQHandler
                0x000000000800116c                DMA1_Channel2_IRQHandler
                0x000000000800116c                TIM8_BRK_IRQHandler
                0x000000000800116c                FLASH_IRQHandler
                0x000000000800116c                BusFault_Handler
                0x000000000800116c                USART1_IRQHandler
                0x000000000800116c                SPI3_IRQHandler
                0x000000000800116c                I2C1_ER_IRQHandler
                0x000000000800116c                DMA2_Channel3_IRQHandler
 *fill*         0x000000000800116e        0x2 
 .text.__libc_init_array
                0x0000000008001170       0x48 c:/st/stm32cubeide_1.4.0/stm32cubeide/plugins/com.st.stm32cube.ide.mcu.externaltools.gnu-tools-for-stm32.7-2018-q2-update.win32_1.4.0.202007081208/tools/bin/../lib/gcc/arm-none-eabi/7.3.1/../../../../arm-none-eabi/lib/thumb/v7-m\libc_nano.a(lib_a-init.o)
                0x0000000008001170                __libc_init_array
 *(.glue_7)
 .glue_7        0x00000000080011b8        0x0 linker stubs
 *(.glue_7t)
 .glue_7t       0x00000000080011b8        0x0 linker stubs
 *(.eh_frame)
 .eh_frame      0x00000000080011b8        0x0 c:/st/stm32cubeide_1.4.0/stm32cubeide/plugins/com.st.stm32cube.ide.mcu.externaltools.gnu-tools-for-stm32.7-2018-q2-update.win32_1.4.0.202007081208/tools/bin/../lib/gcc/arm-none-eabi/7.3.1/thumb/v7-m/crtbegin.o
 *(.init)
 .init          0x00000000080011b8        0x4 c:/st/stm32cubeide_1.4.0/stm32cubeide/plugins/com.st.stm32cube.ide.mcu.externaltools.gnu-tools-for-stm32.7-2018-q2-update.win32_1.4.0.202007081208/tools/bin/../lib/gcc/arm-none-eabi/7.3.1/thumb/v7-m/crti.o
                0x00000000080011b8                _init
 .init          0x00000000080011bc        0x8 c:/st/stm32cubeide_1.4.0/stm32cubeide/plugins/com.st.stm32cube.ide.mcu.externaltools.gnu-tools-for-stm32.7-2018-q2-update.win32_1.4.0.202007081208/tools/bin/../lib/gcc/arm-none-eabi/7.3.1/thumb/v7-m/crtn.o
 *(.fini)
 .fini          0x00000000080011c4        0x4 c:/st/stm32cubeide_1.4.0/stm32cubeide/plugins/com.st.stm32cube.ide.mcu.externaltools.gnu-tools-for-stm32.7-2018-q2-update.win32_1.4.0.202007081208/tools/bin/../lib/gcc/arm-none-eabi/7.3.1/thumb/v7-m/crti.o
                0x00000000080011c4                _fini
 .fini          0x00000000080011c8        0x8 c:/st/stm32cubeide_1.4.0/stm32cubeide/plugins/com.st.stm32cube.ide.mcu.externaltools.gnu-tools-for-stm32.7-2018-q2-update.win32_1.4.0.202007081208/tools/bin/../lib/gcc/arm-none-eabi/7.3.1/thumb/v7-m/crtn.o
                0x00000000080011d0                . = ALIGN (0x4)
                0x00000000080011d0                _etext = .

.vfp11_veneer   0x00000000080011d0        0x0
 .vfp11_veneer  0x00000000080011d0        0x0 linker stubs

.v4_bx          0x00000000080011d0        0x0
 .v4_bx         0x00000000080011d0        0x0 linker stubs

.iplt           0x00000000080011d0        0x0
 .iplt          0x00000000080011d0        0x0 c:/st/stm32cubeide_1.4.0/stm32cubeide/plugins/com.st.stm32cube.ide.mcu.externaltools.gnu-tools-for-stm32.7-2018-q2-update.win32_1.4.0.202007081208/tools/bin/../lib/gcc/arm-none-eabi/7.3.1/thumb/v7-m/crtbegin.o

.rodata         0x00000000080011d0       0x3c
                0x00000000080011d0                . = ALIGN (0x4)
 *(.rodata)
 .rodata        0x00000000080011d0       0x2a Src/main.o
 *(.rodata*)
 *fill*         0x00000000080011fa        0x2 
 .rodata.g_Keypad_Mapping
                0x00000000080011fc       0x10 STM32F103x6/HAL/Keypad/Keypad.o
                0x000000000800120c                . = ALIGN (0x4)

.rel.dyn        0x000000000800120c        0x0
 .rel.iplt      0x000000000800120c        0x0 c:/st/stm32cubeide_1.4.0/stm32cubeide/plugins/com.st.stm32cube.ide.mcu.externaltools.gnu-tools-for-stm32.7-2018-q2-update.win32_1.4.0.202007081208/tools/bin/../lib/gcc/arm-none-eabi/7.3.1/thumb/v7-m/crtbegin.o

.ARM.extab      0x000000000800120c        0x0
                0x000000000800120c                . = ALIGN (0x4)
 *(.ARM.extab* .gnu.linkonce.armextab.*)
                0x000000000800120c                . = ALIGN (0x4)

.ARM            0x000000000800120c        0x0
                0x000000000800120c                . = ALIGN (0x4)
                0x000000000800120c                __exidx_start = .
 *(.ARM.exidx*)
                0x000000000800120c                __exidx_end = .
                0x000000000800120c                . = ALIGN (0x4)

.preinit_array  0x000000000800120c        0x0
                0x000000000800120c                . = ALIGN (0x4)
                0x000000000800120c                PROVIDE (__preinit_array_start = .)
 *(.preinit_array*)
                0x000000000800120c                PROVIDE (__preinit_array_end = .)
                0x000000000800120c                . = ALIGN (0x4)

.init_array     0x000000000800120c        0x4
                0x000000000800120c                . = ALIGN (0x4)
                0x000000000800120c                PROVIDE (__init_array_start = .)
 *(SORT_BY_NAME(.init_array.*))
 *(.init_array*)
 .init_array    0x000000000800120c        0x4 c:/st/stm32cubeide_1.4.0/stm32cubeide/plugins/com.st.stm32cube.ide.mcu.externaltools.gnu-tools-for-stm32.7-2018-q2-update.win32_1.4.0.202007081208/tools/bin/../lib/gcc/arm-none-eabi/7.3.1/thumb/v7-m/crtbegin.o
                0x0000000008001210                PROVIDE (__init_array_end = .)
                0x0000000008001210                . = ALIGN (0x4)

.fini_array     0x0000000008001210        0x4
                0x0000000008001210                . = ALIGN (0x4)
                [!provide]                        PROVIDE (__fini_array_start = .)
 *(SORT_BY_NAME(.fini_array.*))
 *(.fini_array*)
 .fini_array    0x0000000008001210        0x4 c:/st/stm32cubeide_1.4.0/stm32cubeide/plugins/com.st.stm32cube.ide.mcu.externaltools.gnu-tools-for-stm32.7-2018-q2-update.win32_1.4.0.202007081208/tools/bin/../lib/gcc/arm-none-eabi/7.3.1/thumb/v7-m/crtbegin.o
                [!provide]                        PROVIDE (__fini_array_end = .)
                0x0000000008001214                . = ALIGN (0x4)
                0x0000000008001214                _sidata = LOADADDR (.data)

.data           0x0000000020000000        0x0 load address 0x0000000008001214
                0x0000000020000000                . = ALIGN (0x4)
                0x0000000020000000                _sdata = .
 *(.data)
 *(.data*)
                0x0000000020000000                . = ALIGN (0x4)
                0x0000000020000000                _edata = .

.igot.plt       0x0000000020000000        0x0 load address 0x0000000008001214
 .igot.plt      0x0000000020000000        0x0 c:/st/stm32cubeide_1.4.0/stm32cubeide/plugins/com.st.stm32cube.ide.mcu.externaltools.gnu-tools-for-stm32.7-2018-q2-update.win32_1.4.0.202007081208/tools/bin/../lib/gcc/arm-none-eabi/7.3.1/thumb/v7-m/crtbegin.o
                0x0000000020000000                . = ALIGN (0x4)

.bss            0x0000000020000000       0x5c load address 0x0000000008001214
                0x0000000020000000                _sbss = .
                0x0000000020000000                __bss_start__ = _sbss
 *(.bss)
 .bss           0x0000000020000000       0x1c c:/st/stm32cubeide_1.4.0/stm32cubeide/plugins/com.st.stm32cube.ide.mcu.externaltools.gnu-tools-for-stm32.7-2018-q2-update.win32_1.4.0.202007081208/tools/bin/../lib/gcc/arm-none-eabi/7.3.1/thumb/v7-m/crtbegin.o
 *(.bss*)
 *(COMMON)
 COMMON         0x000000002000001c        0x4 Inc/lcd.o
                0x000000002000001c                PinCfg
 COMMON         0x0000000020000020       0x3c STM32F103x6/Src/EXTI.o
                0x0000000020000020                GP_IRQCallBack
                0x000000002000005c                . = ALIGN (0x4)
                0x000000002000005c                _ebss = .
                0x000000002000005c                __bss_end__ = _ebss

._user_heap_stack
                0x000000002000005c      0x604 load address 0x0000000008001214
                0x0000000020000060                . = ALIGN (0x8)
 *fill*         0x000000002000005c        0x4 
                [!provide]                        PROVIDE (end = .)
                0x0000000020000060                PROVIDE (_end = .)
                0x0000000020000260                . = (. + _Min_Heap_Size)
 *fill*         0x0000000020000060      0x200 
                0x0000000020000660                . = (. + _Min_Stack_Size)
 *fill*         0x0000000020000260      0x400 
                0x0000000020000660                . = ALIGN (0x8)

/DISCARD/
 libc.a(*)
 libm.a(*)
 libgcc.a(*)

.ARM.attributes
                0x0000000000000000       0x29
 *(.ARM.attributes)
 .ARM.attributes
                0x0000000000000000       0x1d c:/st/stm32cubeide_1.4.0/stm32cubeide/plugins/com.st.stm32cube.ide.mcu.externaltools.gnu-tools-for-stm32.7-2018-q2-update.win32_1.4.0.202007081208/tools/bin/../lib/gcc/arm-none-eabi/7.3.1/thumb/v7-m/crti.o
 .ARM.attributes
                0x000000000000001d       0x2d c:/st/stm32cubeide_1.4.0/stm32cubeide/plugins/com.st.stm32cube.ide.mcu.externaltools.gnu-tools-for-stm32.7-2018-q2-update.win32_1.4.0.202007081208/tools/bin/../lib/gcc/arm-none-eabi/7.3.1/thumb/v7-m/crtbegin.o
 .ARM.attributes
                0x000000000000004a       0x33 Inc/lcd.o
 .ARM.attributes
                0x000000000000007d       0x33 STM32F103x6/HAL/7 Segmet/Segment.o
 .ARM.attributes
                0x00000000000000b0       0x33 STM32F103x6/HAL/Keypad/Keypad.o
 .ARM.attributes
                0x00000000000000e3       0x33 STM32F103x6/HAL/LCD/LCD.o
 .ARM.attributes
                0x0000000000000116       0x33 STM32F103x6/Src/EXTI.o
 .ARM.attributes
                0x0000000000000149       0x33 STM32F103x6/Src/GPIO.o
 .ARM.attributes
                0x000000000000017c       0x33 Src/main.o
 .ARM.attributes
                0x00000000000001af       0x21 Startup/startup_stm32f103c6tx.o
 .ARM.attributes
                0x00000000000001d0       0x2d c:/st/stm32cubeide_1.4.0/stm32cubeide/plugins/com.st.stm32cube.ide.mcu.externaltools.gnu-tools-for-stm32.7-2018-q2-update.win32_1.4.0.202007081208/tools/bin/../lib/gcc/arm-none-eabi/7.3.1/../../../../arm-none-eabi/lib/thumb/v7-m\libc_nano.a(lib_a-init.o)
 .ARM.attributes
                0x00000000000001fd       0x1d c:/st/stm32cubeide_1.4.0/stm32cubeide/plugins/com.st.stm32cube.ide.mcu.externaltools.gnu-tools-for-stm32.7-2018-q2-update.win32_1.4.0.202007081208/tools/bin/../lib/gcc/arm-none-eabi/7.3.1/thumb/v7-m/crtn.o
OUTPUT(Drivers.elf elf32-littlearm)

.debug_info     0x0000000000000000     0x9608
 .debug_info    0x0000000000000000     0x1008 Inc/lcd.o
 .debug_info    0x0000000000001008      0xf1f STM32F103x6/HAL/7 Segmet/Segment.o
 .debug_info    0x0000000000001f27      0xf91 STM32F103x6/HAL/Keypad/Keypad.o
 .debug_info    0x0000000000002eb8     0x10b8 STM32F103x6/HAL/LCD/LCD.o
 .debug_info    0x0000000000003f70     0x180e STM32F103x6/Src/EXTI.o
 .debug_info    0x000000000000577e     0x2004 STM32F103x6/Src/GPIO.o
 .debug_info    0x0000000000007782     0x1e64 Src/main.o
 .debug_info    0x00000000000095e6       0x22 Startup/startup_stm32f103c6tx.o

.debug_abbrev   0x0000000000000000     0x1006
 .debug_abbrev  0x0000000000000000      0x230 Inc/lcd.o
 .debug_abbrev  0x0000000000000230      0x1e2 STM32F103x6/HAL/7 Segmet/Segment.o
 .debug_abbrev  0x0000000000000412      0x216 STM32F103x6/HAL/Keypad/Keypad.o
 .debug_abbrev  0x0000000000000628      0x246 STM32F103x6/HAL/LCD/LCD.o
 .debug_abbrev  0x000000000000086e      0x23b STM32F103x6/Src/EXTI.o
 .debug_abbrev  0x0000000000000aa9      0x2d5 STM32F103x6/Src/GPIO.o
 .debug_abbrev  0x0000000000000d7e      0x276 Src/main.o
 .debug_abbrev  0x0000000000000ff4       0x12 Startup/startup_stm32f103c6tx.o

.debug_loc      0x0000000000000000      0xc5e
 .debug_loc     0x0000000000000000      0x1f4 Inc/lcd.o
 .debug_loc     0x00000000000001f4       0x50 STM32F103x6/HAL/7 Segmet/Segment.o
 .debug_loc     0x0000000000000244       0xcc STM32F103x6/HAL/Keypad/Keypad.o
 .debug_loc     0x0000000000000310      0x26a STM32F103x6/HAL/LCD/LCD.o
 .debug_loc     0x000000000000057a      0x320 STM32F103x6/Src/EXTI.o
 .debug_loc     0x000000000000089a      0x330 STM32F103x6/Src/GPIO.o
 .debug_loc     0x0000000000000bca       0x94 Src/main.o

.debug_aranges  0x0000000000000000      0x228
 .debug_aranges
                0x0000000000000000       0x50 Inc/lcd.o
 .debug_aranges
                0x0000000000000050       0x20 STM32F103x6/HAL/7 Segmet/Segment.o
 .debug_aranges
                0x0000000000000070       0x30 STM32F103x6/HAL/Keypad/Keypad.o
 .debug_aranges
                0x00000000000000a0       0x58 STM32F103x6/HAL/LCD/LCD.o
 .debug_aranges
                0x00000000000000f8       0x80 STM32F103x6/Src/EXTI.o
 .debug_aranges
                0x0000000000000178       0x60 STM32F103x6/Src/GPIO.o
 .debug_aranges
                0x00000000000001d8       0x28 Src/main.o
 .debug_aranges
                0x0000000000000200       0x28 Startup/startup_stm32f103c6tx.o

.debug_ranges   0x0000000000000000      0x1b0
 .debug_ranges  0x0000000000000000       0x40 Inc/lcd.o
 .debug_ranges  0x0000000000000040       0x10 STM32F103x6/HAL/7 Segmet/Segment.o
 .debug_ranges  0x0000000000000050       0x20 STM32F103x6/HAL/Keypad/Keypad.o
 .debug_ranges  0x0000000000000070       0x48 STM32F103x6/HAL/LCD/LCD.o
 .debug_ranges  0x00000000000000b8       0x70 STM32F103x6/Src/EXTI.o
 .debug_ranges  0x0000000000000128       0x50 STM32F103x6/Src/GPIO.o
 .debug_ranges  0x0000000000000178       0x18 Src/main.o
 .debug_ranges  0x0000000000000190       0x20 Startup/startup_stm32f103c6tx.o

.debug_macro    0x0000000000000000     0x2f31
 .debug_macro   0x0000000000000000      0x1e5 Inc/lcd.o
 .debug_macro   0x00000000000001e5      0xa60 Inc/lcd.o
 .debug_macro   0x0000000000000c45       0x22 Inc/lcd.o
 .debug_macro   0x0000000000000c67       0x40 Inc/lcd.o
 .debug_macro   0x0000000000000ca7       0x18 Inc/lcd.o
 .debug_macro   0x0000000000000cbf       0x94 Inc/lcd.o
 .debug_macro   0x0000000000000d53       0x3c Inc/lcd.o
 .debug_macro   0x0000000000000d8f       0x34 Inc/lcd.o
 .debug_macro   0x0000000000000dc3       0x16 Inc/lcd.o
 .debug_macro   0x0000000000000dd9       0x57 Inc/lcd.o
 .debug_macro   0x0000000000000e30       0x97 Inc/lcd.o
 .debug_macro   0x0000000000000ec7      0x330 Inc/lcd.o
 .debug_macro   0x00000000000011f7       0xfd Inc/lcd.o
 .debug_macro   0x00000000000012f4       0x10 Inc/lcd.o
 .debug_macro   0x0000000000001304       0x52 Inc/lcd.o
 .debug_macro   0x0000000000001356       0x1f Inc/lcd.o
 .debug_macro   0x0000000000001375       0x43 Inc/lcd.o
 .debug_macro   0x00000000000013b8       0x20 Inc/lcd.o
 .debug_macro   0x00000000000013d8      0x1a3 Inc/lcd.o
 .debug_macro   0x000000000000157b       0x10 Inc/lcd.o
 .debug_macro   0x000000000000158b       0x6a Inc/lcd.o
 .debug_macro   0x00000000000015f5       0x1c Inc/lcd.o
 .debug_macro   0x0000000000001611       0x52 Inc/lcd.o
 .debug_macro   0x0000000000001663       0x40 Inc/lcd.o
 .debug_macro   0x00000000000016a3       0x10 Inc/lcd.o
 .debug_macro   0x00000000000016b3       0x40 Inc/lcd.o
 .debug_macro   0x00000000000016f3       0xd7 Inc/lcd.o
 .debug_macro   0x00000000000017ca       0x1c Inc/lcd.o
 .debug_macro   0x00000000000017e6       0x3d Inc/lcd.o
 .debug_macro   0x0000000000001823       0x16 Inc/lcd.o
 .debug_macro   0x0000000000001839      0x145 Inc/lcd.o
 .debug_macro   0x000000000000197e       0xef Inc/lcd.o
 .debug_macro   0x0000000000001a6d      0x1df Inc/lcd.o
 .debug_macro   0x0000000000001c4c      0x1bd Inc/lcd.o
 .debug_macro   0x0000000000001e09      0x106 Inc/lcd.o
 .debug_macro   0x0000000000001f0f       0xa0 Inc/lcd.o
 .debug_macro   0x0000000000001faf      0x1f4 STM32F103x6/HAL/7 Segmet/Segment.o
 .debug_macro   0x00000000000021a3       0x34 STM32F103x6/HAL/7 Segmet/Segment.o
 .debug_macro   0x00000000000021d7       0x40 STM32F103x6/HAL/7 Segmet/Segment.o
 .debug_macro   0x0000000000002217      0x1f4 STM32F103x6/HAL/Keypad/Keypad.o
 .debug_macro   0x000000000000240b       0x3a STM32F103x6/HAL/Keypad/Keypad.o
 .debug_macro   0x0000000000002445       0x1c STM32F103x6/HAL/Keypad/Keypad.o
 .debug_macro   0x0000000000002461      0x1f4 STM32F103x6/HAL/LCD/LCD.o
 .debug_macro   0x0000000000002655       0x5e STM32F103x6/HAL/LCD/LCD.o
 .debug_macro   0x00000000000026b3       0x6a STM32F103x6/HAL/LCD/LCD.o
 .debug_macro   0x000000000000271d      0x1e5 STM32F103x6/Src/EXTI.o
 .debug_macro   0x0000000000002902      0x1c4 STM32F103x6/Src/EXTI.o
 .debug_macro   0x0000000000002ac6      0x1d6 STM32F103x6/Src/GPIO.o
 .debug_macro   0x0000000000002c9c      0x21b Src/main.o
 .debug_macro   0x0000000000002eb7       0x40 Src/main.o
 .debug_macro   0x0000000000002ef7       0x3a Src/main.o

.debug_line     0x0000000000000000     0x32c8
 .debug_line    0x0000000000000000      0x6d3 Inc/lcd.o
 .debug_line    0x00000000000006d3      0x649 STM32F103x6/HAL/7 Segmet/Segment.o
 .debug_line    0x0000000000000d1c      0x6d8 STM32F103x6/HAL/Keypad/Keypad.o
 .debug_line    0x00000000000013f4      0x74f STM32F103x6/HAL/LCD/LCD.o
 .debug_line    0x0000000000001b43      0x7de STM32F103x6/Src/EXTI.o
 .debug_line    0x0000000000002321      0x71b STM32F103x6/Src/GPIO.o
 .debug_line    0x0000000000002a3c      0x808 Src/main.o
 .debug_line    0x0000000000003244       0x84 Startup/startup_stm32f103c6tx.o

.debug_str      0x0000000000000000     0xb0e5
 .debug_str     0x0000000000000000     0x8d84 Inc/lcd.o
                                       0x8ff8 (size before relaxing)
 .debug_str     0x0000000000008d84      0x18e STM32F103x6/HAL/7 Segmet/Segment.o
                                       0x8e68 (size before relaxing)
 .debug_str     0x0000000000008f12      0x165 STM32F103x6/HAL/Keypad/Keypad.o
                                       0x8e60 (size before relaxing)
 .debug_str     0x0000000000009077      0x3cc STM32F103x6/HAL/LCD/LCD.o
                                       0x90ec (size before relaxing)
 .debug_str     0x0000000000009443     0x1668 STM32F103x6/Src/EXTI.o
                                       0xa364 (size before relaxing)
 .debug_str     0x000000000000aaab      0x5eb STM32F103x6/Src/GPIO.o
                                       0x92e9 (size before relaxing)
 .debug_str     0x000000000000b096       0x1e Src/main.o
                                       0x96c8 (size before relaxing)
 .debug_str     0x000000000000b0b4       0x31 Startup/startup_stm32f103c6tx.o
                                         0xa2 (size before relaxing)

.comment        0x0000000000000000       0x7b
 .comment       0x0000000000000000       0x7b Inc/lcd.o
                                         0x7c (size before relaxing)
 .comment       0x000000000000007b       0x7c STM32F103x6/HAL/7 Segmet/Segment.o
 .comment       0x000000000000007b       0x7c STM32F103x6/HAL/Keypad/Keypad.o
 .comment       0x000000000000007b       0x7c STM32F103x6/HAL/LCD/LCD.o
 .comment       0x000000000000007b       0x7c STM32F103x6/Src/EXTI.o
 .comment       0x000000000000007b       0x7c STM32F103x6/Src/GPIO.o
 .comment       0x000000000000007b       0x7c Src/main.o

.debug_frame    0x0000000000000000      0x688
 .debug_frame   0x0000000000000000      0x100 Inc/lcd.o
 .debug_frame   0x0000000000000100       0x34 STM32F103x6/HAL/7 Segmet/Segment.o
 .debug_frame   0x0000000000000134       0x74 STM32F103x6/HAL/Keypad/Keypad.o
 .debug_frame   0x00000000000001a8      0x134 STM32F103x6/HAL/LCD/LCD.o
 .debug_frame   0x00000000000002dc      0x1b4 STM32F103x6/Src/EXTI.o
 .debug_frame   0x0000000000000490      0x174 STM32F103x6/Src/GPIO.o
 .debug_frame   0x0000000000000604       0x58 Src/main.o
 .debug_frame   0x000000000000065c       0x2c c:/st/stm32cubeide_1.4.0/stm32cubeide/plugins/com.st.stm32cube.ide.mcu.externaltools.gnu-tools-for-stm32.7-2018-q2-update.win32_1.4.0.202007081208/tools/bin/../lib/gcc/arm-none-eabi/7.3.1/../../../../arm-none-eabi/lib/thumb/v7-m\libc_nano.a(lib_a-init.o)
