
Memory Configuration

Name             Origin             Length             Attributes
flash            0x0000000000000000 0x0000000020000000 xr
sram             0x0000000020000000 0x0000000020000000 xrw
*default*        0x0000000000000000 0xffffffffffffffff

Linker script and memory map


.text           0x0000000000000000      0x154
 *(.vectors*)
 .vectors       0x0000000000000000       0x38 Startup.o
                0x0000000000000000                g_ptr_func_vector
 *(.text*)
 .text          0x0000000000000038       0x8c main.o
                0x0000000000000038                main
 .text          0x00000000000000c4       0x90 Startup.o
                0x00000000000000c4                IRQ0_Handler
                0x00000000000000c4                PendSV_Handler
                0x00000000000000c4                NMI_Handler
                0x00000000000000c4                Sys_Tick_Handler
                0x00000000000000c4                Bus_Fault_Handler
                0x00000000000000c4                MM_Fault_Handler
                0x00000000000000c4                SV_call_Handler
                0x00000000000000c4                Default_Handler
                0x00000000000000c4                IRQ2_Handler
                0x00000000000000c4                Debug_reserved_Handler
                0x00000000000000c4                IRQ1_Handler
                0x00000000000000c4                Usage_Fault_Handler
                0x00000000000000c4                Hard_Fault_Handler
                0x00000000000000d0                Reset_Handler
                0x0000000000000154                _E_TEXT = .

.glue_7         0x0000000000000154        0x0
 .glue_7        0x0000000000000154        0x0 linker stubs

.glue_7t        0x0000000000000154        0x0
 .glue_7t       0x0000000000000154        0x0 linker stubs

.vfp11_veneer   0x0000000000000154        0x0
 .vfp11_veneer  0x0000000000000154        0x0 linker stubs

.v4_bx          0x0000000000000154        0x0
 .v4_bx         0x0000000000000154        0x0 linker stubs

.iplt           0x0000000000000154        0x0
 .iplt          0x0000000000000154        0x0 main.o

.rel.dyn        0x0000000000000154        0x0
 .rel.iplt      0x0000000000000154        0x0 main.o

.rodata
 *(.rodata*)

.data           0x0000000020000000        0x0 load address 0x0000000000000154
                0x0000000020000000                _S_DATA = .
 *(.data*)
 .data          0x0000000020000000        0x0 main.o
 .data          0x0000000020000000        0x0 Startup.o
                0x0000000020000000                . = ALIGN (0x4)
                0x0000000020000000                _E_DATA = .

.igot.plt       0x0000000020000000        0x0 load address 0x0000000000000154
 .igot.plt      0x0000000020000000        0x0 main.o

.bss            0x0000000020000000      0x400 load address 0x0000000000000154
                0x0000000020000000                _S_BSS = .
 *(.bss)
 .bss           0x0000000020000000        0x0 main.o
 .bss           0x0000000020000000      0x400 Startup.o
                0x0000000020000400                _E_BSS = .
LOAD main.o
LOAD Startup.o
OUTPUT(LAB3_CORTEX-M4.elf elf32-littlearm)

.debug_info     0x0000000000000000      0x236
 .debug_info    0x0000000000000000       0x65 main.o
 .debug_info    0x0000000000000065      0x1d1 Startup.o

.debug_abbrev   0x0000000000000000      0x143
 .debug_abbrev  0x0000000000000000       0x5a main.o
 .debug_abbrev  0x000000000000005a       0xe9 Startup.o

.debug_loc      0x0000000000000000       0xb4
 .debug_loc     0x0000000000000000       0x38 main.o
 .debug_loc     0x0000000000000038       0x7c Startup.o

.debug_aranges  0x0000000000000000       0x40
 .debug_aranges
                0x0000000000000000       0x20 main.o
 .debug_aranges
                0x0000000000000020       0x20 Startup.o

.debug_line     0x0000000000000000      0x257
 .debug_line    0x0000000000000000       0x63 main.o
 .debug_line    0x0000000000000063      0x1f4 Startup.o

.debug_str      0x0000000000000000      0x1cf
 .debug_str     0x0000000000000000       0xe5 main.o
                                         0xf7 (size before relaxing)
 .debug_str     0x00000000000000e5       0xea Startup.o
                                        0x201 (size before relaxing)

.comment        0x0000000000000000       0x7b
 .comment       0x0000000000000000       0x7b main.o
                                         0x7c (size before relaxing)
 .comment       0x000000000000007b       0x7c Startup.o

.ARM.attributes
                0x0000000000000000       0x33
 .ARM.attributes
                0x0000000000000000       0x33 main.o
 .ARM.attributes
                0x0000000000000033       0x33 Startup.o

.debug_frame    0x0000000000000000       0x7c
 .debug_frame   0x0000000000000000       0x2c main.o
 .debug_frame   0x000000000000002c       0x50 Startup.o
