
Memory Configuration

Name             Origin             Length             Attributes
RAM              0x00000000         0x04000000         xrw
*default*        0x00000000         0xffffffff

Linker script and memory map

                0x00010000                . = 0x10000

.startup        0x00000000       0x10
 startup.o(.text)
 .text          0x00000000       0x10 Startup.o
                0x00000000                reset

.text           0x00000010       0x74
 *(.text)
 .text          0x00000010       0x20 APP.o
                0x00000010                main
 .text          0x00000030       0x54 UART.o
                0x00000030                UART_SEND_DATA
 *(.rodata)

.glue_7         0x00000084        0x0
 .glue_7        0x00000084        0x0 linker stubs

.glue_7t        0x00000084        0x0
 .glue_7t       0x00000084        0x0 linker stubs

.vfp11_veneer   0x00000084        0x0
 .vfp11_veneer  0x00000084        0x0 linker stubs

.v4_bx          0x00000084        0x0
 .v4_bx         0x00000084        0x0 linker stubs

.iplt           0x00000084        0x0
 .iplt          0x00000084        0x0 Startup.o

.rel.dyn        0x00000084        0x0
 .rel.iplt      0x00000084        0x0 Startup.o

.data           0x00000084       0x32
 *(.data)
 .data          0x00000084        0x0 Startup.o
 .data          0x00000084       0x32 APP.o
                0x00000084                string_buffer
 .data          0x000000b6        0x0 UART.o

.igot.plt       0x000000b8        0x0
 .igot.plt      0x000000b8        0x0 Startup.o

.bss            0x000000b6        0x0
 *(.bss)
 .bss           0x000000b6        0x0 Startup.o
 .bss           0x000000b6        0x0 APP.o
 .bss           0x000000b6        0x0 UART.o
 *(COMMON)
                0x000010b6                . = (. + 0x1000)
                0x000010b6                stack_top = .
LOAD Startup.o
LOAD APP.o
LOAD UART.o
OUTPUT(Learn_in_depth.elf elf32-littlearm)

.ARM.attributes
                0x00000000       0x2e
 .ARM.attributes
                0x00000000       0x22 Startup.o
 .ARM.attributes
                0x00000022       0x32 APP.o
 .ARM.attributes
                0x00000054       0x32 UART.o

.comment        0x00000000       0x7e
 .comment       0x00000000       0x7e APP.o
                                 0x7f (size before relaxing)
 .comment       0x0000007e       0x7f UART.o
