Archive member included to satisfy reference by file (symbol)

c:/st/stm32cubeide_1.4.0/stm32cubeide/plugins/com.st.stm32cube.ide.mcu.externaltools.gnu-tools-for-stm32.7-2018-q2-update.win32_1.4.0.202007081208/tools/bin/../lib/gcc/arm-none-eabi/7.3.1/../../../../arm-none-eabi/lib/thumb/v7-m\libc_nano.a(lib_a-errno.o)
                              Src/syscalls.o (__errno)
c:/st/stm32cubeide_1.4.0/stm32cubeide/plugins/com.st.stm32cube.ide.mcu.externaltools.gnu-tools-for-stm32.7-2018-q2-update.win32_1.4.0.202007081208/tools/bin/../lib/gcc/arm-none-eabi/7.3.1/../../../../arm-none-eabi/lib/thumb/v7-m\libc_nano.a(lib_a-exit.o)
                              c:/st/stm32cubeide_1.4.0/stm32cubeide/plugins/com.st.stm32cube.ide.mcu.externaltools.gnu-tools-for-stm32.7-2018-q2-update.win32_1.4.0.202007081208/tools/bin/../lib/gcc/arm-none-eabi/7.3.1/../../../../arm-none-eabi/lib/thumb/v7-m/crt0.o (exit)
c:/st/stm32cubeide_1.4.0/stm32cubeide/plugins/com.st.stm32cube.ide.mcu.externaltools.gnu-tools-for-stm32.7-2018-q2-update.win32_1.4.0.202007081208/tools/bin/../lib/gcc/arm-none-eabi/7.3.1/../../../../arm-none-eabi/lib/thumb/v7-m\libc_nano.a(lib_a-impure.o)
                              c:/st/stm32cubeide_1.4.0/stm32cubeide/plugins/com.st.stm32cube.ide.mcu.externaltools.gnu-tools-for-stm32.7-2018-q2-update.win32_1.4.0.202007081208/tools/bin/../lib/gcc/arm-none-eabi/7.3.1/../../../../arm-none-eabi/lib/thumb/v7-m\libc_nano.a(lib_a-exit.o) (_global_impure_ptr)
c:/st/stm32cubeide_1.4.0/stm32cubeide/plugins/com.st.stm32cube.ide.mcu.externaltools.gnu-tools-for-stm32.7-2018-q2-update.win32_1.4.0.202007081208/tools/bin/../lib/gcc/arm-none-eabi/7.3.1/../../../../arm-none-eabi/lib/thumb/v7-m\libc_nano.a(lib_a-init.o)
                              c:/st/stm32cubeide_1.4.0/stm32cubeide/plugins/com.st.stm32cube.ide.mcu.externaltools.gnu-tools-for-stm32.7-2018-q2-update.win32_1.4.0.202007081208/tools/bin/../lib/gcc/arm-none-eabi/7.3.1/../../../../arm-none-eabi/lib/thumb/v7-m/crt0.o (__libc_init_array)
c:/st/stm32cubeide_1.4.0/stm32cubeide/plugins/com.st.stm32cube.ide.mcu.externaltools.gnu-tools-for-stm32.7-2018-q2-update.win32_1.4.0.202007081208/tools/bin/../lib/gcc/arm-none-eabi/7.3.1/../../../../arm-none-eabi/lib/thumb/v7-m\libc_nano.a(lib_a-memset.o)
                              c:/st/stm32cubeide_1.4.0/stm32cubeide/plugins/com.st.stm32cube.ide.mcu.externaltools.gnu-tools-for-stm32.7-2018-q2-update.win32_1.4.0.202007081208/tools/bin/../lib/gcc/arm-none-eabi/7.3.1/../../../../arm-none-eabi/lib/thumb/v7-m/crt0.o (memset)
c:/st/stm32cubeide_1.4.0/stm32cubeide/plugins/com.st.stm32cube.ide.mcu.externaltools.gnu-tools-for-stm32.7-2018-q2-update.win32_1.4.0.202007081208/tools/bin/../lib/gcc/arm-none-eabi/7.3.1/../../../../arm-none-eabi/lib/thumb/v7-m\libc_nano.a(lib_a-sprintf.o)
                              HAL/LCD/LCD.o (sprintf)
c:/st/stm32cubeide_1.4.0/stm32cubeide/plugins/com.st.stm32cube.ide.mcu.externaltools.gnu-tools-for-stm32.7-2018-q2-update.win32_1.4.0.202007081208/tools/bin/../lib/gcc/arm-none-eabi/7.3.1/../../../../arm-none-eabi/lib/thumb/v7-m\libc_nano.a(lib_a-nano-svfprintf.o)
                              c:/st/stm32cubeide_1.4.0/stm32cubeide/plugins/com.st.stm32cube.ide.mcu.externaltools.gnu-tools-for-stm32.7-2018-q2-update.win32_1.4.0.202007081208/tools/bin/../lib/gcc/arm-none-eabi/7.3.1/../../../../arm-none-eabi/lib/thumb/v7-m\libc_nano.a(lib_a-sprintf.o) (_svfprintf_r)
c:/st/stm32cubeide_1.4.0/stm32cubeide/plugins/com.st.stm32cube.ide.mcu.externaltools.gnu-tools-for-stm32.7-2018-q2-update.win32_1.4.0.202007081208/tools/bin/../lib/gcc/arm-none-eabi/7.3.1/../../../../arm-none-eabi/lib/thumb/v7-m\libc_nano.a(lib_a-nano-vfprintf_i.o)
                              c:/st/stm32cubeide_1.4.0/stm32cubeide/plugins/com.st.stm32cube.ide.mcu.externaltools.gnu-tools-for-stm32.7-2018-q2-update.win32_1.4.0.202007081208/tools/bin/../lib/gcc/arm-none-eabi/7.3.1/../../../../arm-none-eabi/lib/thumb/v7-m\libc_nano.a(lib_a-nano-svfprintf.o) (_printf_i)
c:/st/stm32cubeide_1.4.0/stm32cubeide/plugins/com.st.stm32cube.ide.mcu.externaltools.gnu-tools-for-stm32.7-2018-q2-update.win32_1.4.0.202007081208/tools/bin/../lib/gcc/arm-none-eabi/7.3.1/../../../../arm-none-eabi/lib/thumb/v7-m\libc_nano.a(lib_a-memchr-stub.o)
                              c:/st/stm32cubeide_1.4.0/stm32cubeide/plugins/com.st.stm32cube.ide.mcu.externaltools.gnu-tools-for-stm32.7-2018-q2-update.win32_1.4.0.202007081208/tools/bin/../lib/gcc/arm-none-eabi/7.3.1/../../../../arm-none-eabi/lib/thumb/v7-m\libc_nano.a(lib_a-nano-svfprintf.o) (memchr)
c:/st/stm32cubeide_1.4.0/stm32cubeide/plugins/com.st.stm32cube.ide.mcu.externaltools.gnu-tools-for-stm32.7-2018-q2-update.win32_1.4.0.202007081208/tools/bin/../lib/gcc/arm-none-eabi/7.3.1/../../../../arm-none-eabi/lib/thumb/v7-m\libc_nano.a(lib_a-memcpy-stub.o)
[...]
Memory Configuration

Name             Origin             Length             Attributes
RAM              0x0000000020000000 0x0000000000002800 xrw
ROM              0x0000000008000000 0x0000000000008000 xr
*default*        0x0000000000000000 0xffffffffffffffff

Linker script and memory map

LOAD c:/st/stm32cubeide_1.4.0/stm32cubeide/plugins/com.st.stm32cube.ide.mcu.externaltools.gnu-tools-for-stm32.7-2018-q2-update.win32_1.4.0.202007081208/tools/bin/../lib/gcc/arm-none-eabi/7.3.1/thumb/v7-m/crti.o
LOAD c:/st/stm32cubeide_1.4.0/stm32cubeide/plugins/com.st.stm32cube.ide.mcu.externaltools.gnu-tools-for-stm32.7-2018-q2-update.win32_1.4.0.202007081208/tools/bin/../lib/gcc/arm-none-eabi/7.3.1/thumb/v7-m/crtbegin.o
LOAD c:/st/stm32cubeide_1.4.0/stm32cubeide/plugins/com.st.stm32cube.ide.mcu.externaltools.gnu-tools-for-stm32.7-2018-q2-update.win32_1.4.0.202007081208/tools/bin/../lib/gcc/arm-none-eabi/7.3.1/../../../../arm-none-eabi/lib/thumb/v7-m/crt0.o
LOAD APP/I2C_EEPROM.o
LOAD HAL/7 Segment/Segment.o
LOAD HAL/EEPROM/EEPROM.o
LOAD HAL/Keypad/Keypad.o
LOAD HAL/LCD/LCD.o
LOAD MCAL/Src/EXTI.o
LOAD MCAL/Src/GPIO.o
LOAD MCAL/Src/I2C.o
LOAD MCAL/Src/RCC.o
LOAD MCAL/Src/SPI.o
LOAD MCAL/Src/USART.o
LOAD Src/main.o
LOAD Src/syscalls.o
LOAD Src/sysmem.o
LOAD Startup/startup_stm32f103c6tx.o
START GROUP
LOAD c:/st/stm32cubeide_1.4.0/stm32cubeide/plugins/com.st.stm32cube.ide.mcu.externaltools.gnu-tools-for-stm32.7-2018-q2-update.win32_1.4.0.202007081208/tools/bin/../lib/gcc/arm-none-eabi/7.3.1/../../../../arm-none-eabi/lib/thumb/v7-m\libc_nano.a
LOAD c:/st/stm32cubeide_1.4.0/stm32cubeide/plugins/com.st.stm32cube.ide.mcu.externaltools.gnu-tools-for-stm32.7-2018-q2-update.win32_1.4.0.202007081208/tools/bin/../lib/gcc/arm-none-eabi/7.3.1/../../../../arm-none-eabi/lib/thumb/v7-m\libm.a
END GROUP
START GROUP
LOAD c:/st/stm32cubeide_1.4.0/stm32cubeide/plugins/com.st.stm32cube.ide.mcu.externaltools.gnu-tools-for-stm32.7-2018-q2-update.win32_1.4.0.202007081208/tools/bin/../lib/gcc/arm-none-eabi/7.3.1/thumb/v7-m\libgcc.a
LOAD c:/st/stm32cubeide_1.4.0/stm32cubeide/plugins/com.st.stm32cube.ide.mcu.externaltools.gnu-tools-for-stm32.7-2018-q2-update.win32_1.4.0.202007081208/tools/bin/../lib/gcc/arm-none-eabi/7.3.1/../../../../arm-none-eabi/lib/thumb/v7-m\libg_nano.a
LOAD c:/st/stm32cubeide_1.4.0/stm32cubeide/plugins/com.st.stm32cube.ide.mcu.externaltools.gnu-tools-for-stm32.7-2018-q2-update.win32_1.4.0.202007081208/tools/bin/../lib/gcc/arm-none-eabi/7.3.1/../../../../arm-none-eabi/lib/thumb/v7-m\libc_nano.a
END GROUP
START GROUP
LOAD c:/st/stm32cubeide_1.4.0/stm32cubeide/plugins/com.st.stm32cube.ide.mcu.externaltools.gnu-tools-for-stm32.7-2018-q2-update.win32_1.4.0.202007081208/tools/bin/../lib/gcc/arm-none-eabi/7.3.1/thumb/v7-m\libgcc.a
LOAD c:/st/stm32cubeide_1.4.0/stm32cubeide/plugins/com.st.stm32cube.ide.mcu.externaltools.gnu-tools-for-stm32.7-2018-q2-update.win32_1.4.0.202007081208/tools/bin/../lib/gcc/arm-none-eabi/7.3.1/../../../../arm-none-eabi/lib/thumb/v7-m\libc_nano.a
LOAD c:/st/stm32cubeide_1.4.0/stm32cubeide/plugins/com.st.stm32cube.ide.mcu.externaltools.gnu-tools-for-stm32.7-2018-q2-update.win32_1.4.0.202007081208/tools/bin/../lib/gcc/arm-none-eabi/7.3.1/../../../../arm-none-eabi/lib/thumb/v7-m\libnosys.a
END GROUP
START GROUP
LOAD c:/st/stm32cubeide_1.4.0/stm32cubeide/plugins/com.st.stm32cube.ide.mcu.externaltools.gnu-tools-for-stm32.7-2018-q2-update.win32_1.4.0.202007081208/tools/bin/../lib/gcc/arm-none-eabi/7.3.1/thumb/v7-m\libgcc.a
LOAD c:/st/stm32cubeide_1.4.0/stm32cubeide/plugins/com.st.stm32cube.ide.mcu.externaltools.gnu-tools-for-stm32.7-2018-q2-update.win32_1.4.0.202007081208/tools/bin/../lib/gcc/arm-none-eabi/7.3.1/../../../../arm-none-eabi/lib/thumb/v7-m\libc_nano.a
LOAD c:/st/stm32cubeide_1.4.0/stm32cubeide/plugins/com.st.stm32cube.ide.mcu.externaltools.gnu-tools-for-stm32.7-2018-q2-update.win32_1.4.0.202007081208/tools/bin/../lib/gcc/arm-none-eabi/7.3.1/../../../../arm-none-eabi/lib/thumb/v7-m\libnosys.a
END GROUP
LOAD c:/st/stm32cubeide_1.4.0/stm32cubeide/plugins/com.st.stm32cube.ide.mcu.externaltools.gnu-tools-for-stm32.7-2018-q2-update.win32_1.4.0.202007081208/tools/bin/../lib/gcc/arm-none-eabi/7.3.1/thumb/v7-m/crtend.o
LOAD c:/st/stm32cubeide_1.4.0/stm32cubeide/plugins/com.st.stm32cube.ide.mcu.externaltools.gnu-tools-for-stm32.7-2018-q2-update.win32_1.4.0.202007081208/tools/bin/../lib/gcc/arm-none-eabi/7.3.1/thumb/v7-m/crtn.o
                0x0000000020002800                _estack = (ORIGIN (RAM) + LENGTH (RAM))
                0x0000000000000200                _Min_Heap_Size = 0x200
                0x0000000000000400                _Min_Stack_Size = 0x400

.isr_vector     0x0000000008000000      0x130
                0x0000000008000000                . = ALIGN (0x4)
 *(.isr_vector)
 .isr_vector    0x0000000008000000      0x130 Startup/startup_stm32f103c6tx.o
                0x0000000008000000                g_pfnVectors
                0x0000000008000130                . = ALIGN (0x4)

.text           0x0000000008000130     0x13e8
                0x0000000008000130                . = ALIGN (0x4)
 *(.text)
 .text          0x0000000008000130       0x40 c:/st/stm32cubeide_1.4.0/stm32cubeide/plugins/com.st.stm32cube.ide.mcu.externaltools.gnu-tools-for-stm32.7-2018-q2-update.win32_1.4.0.202007081208/tools/bin/../lib/gcc/arm-none-eabi/7.3.1/thumb/v7-m/crtbegin.o
 *(.text*)
 .text.I2C_EEPROM
                0x0000000008000170       0x78 APP/I2C_EEPROM.o
                0x0000000008000170                I2C_EEPROM
 .text.HAL_EEPROM_Init
                0x00000000080001e8       0x44 HAL/EEPROM/EEPROM.o
                0x00000000080001e8                HAL_EEPROM_Init
 .text.HAL_EEPROM_Write_NBytes
                0x000000000800022c       0xa8 HAL/EEPROM/EEPROM.o
                0x000000000800022c                HAL_EEPROM_Write_NBytes
 .text.HAL_EEPROM_Read_NBytes
                0x00000000080002d4       0x54 HAL/EEPROM/EEPROM.o
                0x00000000080002d4                HAL_EEPROM_Read_NBytes
 .text.EXTI0_IRQHandler
                0x0000000008000328       0x2c MCAL/Src/EXTI.o
                0x0000000008000328                EXTI0_IRQHandler
 .text.EXTI1_IRQHandler
                0x0000000008000354       0x2c MCAL/Src/EXTI.o
                0x0000000008000354                EXTI1_IRQHandler
 .text.EXTI2_IRQHandler
                0x0000000008000380       0x2c MCAL/Src/EXTI.o
                0x0000000008000380                EXTI2_IRQHandler
 .text.EXTI3_IRQHandler
                0x00000000080003ac       0x2c MCAL/Src/EXTI.o
                0x00000000080003ac                EXTI3_IRQHandler
 .text.EXTI4_IRQHandler
                0x00000000080003d8       0x2c MCAL/Src/EXTI.o
                0x00000000080003d8                EXTI4_IRQHandler
 .text.EXTI9_5_IRQHandler
                0x0000000008000404       0xf4 MCAL/Src/EXTI.o
                0x0000000008000404                EXTI9_5_IRQHandler
 .text.EXTI15_10_IRQHandler
                0x00000000080004f8      0x124 MCAL/Src/EXTI.o
                0x00000000080004f8                EXTI15_10_IRQHandler
 .text.ConfigurationPin
                0x000000000800061c      0x324 MCAL/Src/GPIO.o
                0x000000000800061c                ConfigurationPin
 .text.MCAL_GPIO_Init
                0x0000000008000940       0xfc MCAL/Src/GPIO.o
                0x0000000008000940                MCAL_GPIO_Init
 .text.I2C_Get_EventFlag
                0x0000000008000a3c      0x140 MCAL/Src/I2C.o
                0x0000000008000a3c                I2C_Get_EventFlag
 .text.I2C_Generate_StartCondition
                0x0000000008000b7c       0x4a MCAL/Src/I2C.o
                0x0000000008000b7c                I2C_Generate_StartCondition
 *fill*         0x0000000008000bc6        0x2 
 .text.I2C_Send_Address
                0x0000000008000bc8       0xbc MCAL/Src/I2C.o
                0x0000000008000bc8                I2C_Send_Address
 .text.I2C_Generate_StopCondition
                0x0000000008000c84       0x38 MCAL/Src/I2C.o
                0x0000000008000c84                I2C_Generate_StopCondition
 .text.I2C_Generate_ACK
                0x0000000008000cbc       0x38 MCAL/Src/I2C.o
                0x0000000008000cbc                I2C_Generate_ACK
 .text.MCAL_I2C_Init
                0x0000000008000cf4      0x234 MCAL/Src/I2C.o
                0x0000000008000cf4                MCAL_I2C_Init
 .text.MCAL_I2C_GPIO_Set_Pins
                0x0000000008000f28       0xd0 MCAL/Src/I2C.o
                0x0000000008000f28                MCAL_I2C_GPIO_Set_Pins
 .text.MCAL_I2C_MASTER_TX
                0x0000000008000ff8       0xa8 MCAL/Src/I2C.o
                0x0000000008000ff8                MCAL_I2C_MASTER_TX
 .text.MCAL_I2C_MASTER_RX
                0x00000000080010a0      0x118 MCAL/Src/I2C.o
                0x00000000080010a0                MCAL_I2C_MASTER_RX
 .text.I2C1_EV_IRQHandler
                0x00000000080011b8      0x108 MCAL/Src/I2C.o
                0x00000000080011b8                I2C1_EV_IRQHandler
 .text.I2C1_ER_IRQHandler
                0x00000000080012c0        0xc MCAL/Src/I2C.o
                0x00000000080012c0                I2C1_ER_IRQHandler
 .text.I2C2_EV_IRQHandler
                0x00000000080012cc        0xc MCAL/Src/I2C.o
                0x00000000080012cc                I2C2_EV_IRQHandler
 .text.I2C2_ER_IRQHandler
                0x00000000080012d8        0xc MCAL/Src/I2C.o
                0x00000000080012d8                I2C2_ER_IRQHandler
 .text.MCAL_RCC_GPIO_EN
                0x00000000080012e4       0x74 MCAL/Src/RCC.o
                0x00000000080012e4                MCAL_RCC_GPIO_EN
 .text.MCAL_RCC_AFIO_EN
                0x0000000008001358       0x1c MCAL/Src/RCC.o
                0x0000000008001358                MCAL_RCC_AFIO_EN
 .text.MCAL_RCC_GetSYS_CLKFreq
                0x0000000008001374       0x3c MCAL/Src/RCC.o
                0x0000000008001374                MCAL_RCC_GetSYS_CLKFreq
 .text.MCAL_RCC_GetHCLKFreq
                0x00000000080013b0       0x20 MCAL/Src/RCC.o
                0x00000000080013b0                MCAL_RCC_GetHCLKFreq
 .text.MCAL_RCC_GetPCLK1Freq
                0x00000000080013d0       0x20 MCAL/Src/RCC.o
                0x00000000080013d0                MCAL_RCC_GetPCLK1Freq
 .text.SPI1_IRQHandler
                0x00000000080013f0       0x14 MCAL/Src/SPI.o
                0x00000000080013f0                SPI1_IRQHandler
 .text.SPI2_IRQHandler
                0x0000000008001404       0x14 MCAL/Src/SPI.o
                0x0000000008001404                SPI2_IRQHandler
 .text.USART2_IRQHandler
                0x0000000008001418       0x14 MCAL/Src/USART.o
                0x0000000008001418                USART2_IRQHandler
 .text.USART1_IRQHandler
                0x000000000800142c       0x14 MCAL/Src/USART.o
                0x000000000800142c                USART1_IRQHandler
 .text.USART3_IRQHandler
                0x0000000008001440       0x14 MCAL/Src/USART.o
                0x0000000008001440                USART3_IRQHandler
 .text.main     0x0000000008001454        0xe Src/main.o
                0x0000000008001454                main
 *fill*         0x0000000008001462        0x2 
 .text.Reset_Handler
                0x0000000008001464       0x50 Startup/startup_stm32f103c6tx.o
                0x0000000008001464                Reset_Handler
 .text.Default_Handler
                0x00000000080014b4        0x2 Startup/startup_stm32f103c6tx.o
                0x00000000080014b4                TIM8_TRG_COM_IRQHandler
                0x00000000080014b4                TIM8_CC_IRQHandler
                0x00000000080014b4                DebugMon_Handler
                0x00000000080014b4                TIM1_CC_IRQHandler
                0x00000000080014b4                HardFault_Handler
                0x00000000080014b4                TIM6_IRQHandler
                0x00000000080014b4                SysTick_Handler
                0x00000000080014b4                PVD_IRQHandler
                0x00000000080014b4                SDIO_IRQHandler
                0x00000000080014b4                PendSV_Handler
                0x00000000080014b4                NMI_Handler
                0x00000000080014b4                USB_HP_CAN_TX_IRQHandler
                0x00000000080014b4                UsageFault_Handler
                0x00000000080014b4                ADC1_2_IRQHandler
                0x00000000080014b4                CAN_SCE_IRQHandler
                0x00000000080014b4                TAMPER_IRQHandler
                0x00000000080014b4                TIM8_UP_IRQHandler
                0x00000000080014b4                DMA2_Channel2_IRQHandler
                0x00000000080014b4                DMA1_Channel4_IRQHandler
                0x00000000080014b4                RTC_IRQHandler
                0x00000000080014b4                DMA1_Channel7_IRQHandler
                0x00000000080014b4                UART5_IRQHandler
                0x00000000080014b4                ADC3_IRQHandler
                0x00000000080014b4                TIM4_IRQHandler
                0x00000000080014b4                CAN_RX1_IRQHandler
                0x00000000080014b4                DMA2_Channel1_IRQHandler
                0x00000000080014b4                DMA1_Channel6_IRQHandler
                0x00000000080014b4                UART4_IRQHandler
                0x00000000080014b4                TIM3_IRQHandler
                0x00000000080014b4                RCC_IRQHandler
                0x00000000080014b4                TIM1_TRG_COM_IRQHandler
                0x00000000080014b4                DMA1_Channel1_IRQHandler
                0x00000000080014b4                Default_Handler
                0x00000000080014b4                TIM7_IRQHandler
                0x00000000080014b4                TIM5_IRQHandler
                0x00000000080014b4                USB_LP_CAN_RX0_IRQHandler
                0x00000000080014b4                MemManage_Handler
                0x00000000080014b4                SVC_Handler
                0x00000000080014b4                DMA1_Channel5_IRQHandler
                0x00000000080014b4                DMA1_Channel3_IRQHandler
                0x00000000080014b4                FSMC_IRQHandler
                0x00000000080014b4                TIM1_UP_IRQHandler
                0x00000000080014b4                WWDG_IRQHandler
                0x00000000080014b4                TIM2_IRQHandler
                0x00000000080014b4                TIM1_BRK_IRQHandler
                0x00000000080014b4                RTCAlarm_IRQHandler
                0x00000000080014b4                DMA2_Channel4_5_IRQHandler
                0x00000000080014b4                DMA1_Channel2_IRQHandler
                0x00000000080014b4                TIM8_BRK_IRQHandler
                0x00000000080014b4                FLASH_IRQHandler
                0x00000000080014b4                BusFault_Handler
                0x00000000080014b4                SPI3_IRQHandler
                0x00000000080014b4                DMA2_Channel3_IRQHandler
 *fill*         0x00000000080014b6        0x2 
 .text.__libc_init_array
                0x00000000080014b8       0x48 c:/st/stm32cubeide_1.4.0/stm32cubeide/plugins/com.st.stm32cube.ide.mcu.externaltools.gnu-tools-for-stm32.7-2018-q2-update.win32_1.4.0.202007081208/tools/bin/../lib/gcc/arm-none-eabi/7.3.1/../../../../arm-none-eabi/lib/thumb/v7-m\libc_nano.a(lib_a-init.o)
                0x00000000080014b8                __libc_init_array
 *(.glue_7)
 .glue_7        0x0000000008001500        0x0 linker stubs
 *(.glue_7t)
 .glue_7t       0x0000000008001500        0x0 linker stubs
 *(.eh_frame)
 .eh_frame      0x0000000008001500        0x0 c:/st/stm32cubeide_1.4.0/stm32cubeide/plugins/com.st.stm32cube.ide.mcu.externaltools.gnu-tools-for-stm32.7-2018-q2-update.win32_1.4.0.202007081208/tools/bin/../lib/gcc/arm-none-eabi/7.3.1/thumb/v7-m/crtbegin.o
 *(.init)
 .init          0x0000000008001500        0x4 c:/st/stm32cubeide_1.4.0/stm32cubeide/plugins/com.st.stm32cube.ide.mcu.externaltools.gnu-tools-for-stm32.7-2018-q2-update.win32_1.4.0.202007081208/tools/bin/../lib/gcc/arm-none-eabi/7.3.1/thumb/v7-m/crti.o
                0x0000000008001500                _init
 .init          0x0000000008001504        0x8 c:/st/stm32cubeide_1.4.0/stm32cubeide/plugins/com.st.stm32cube.ide.mcu.externaltools.gnu-tools-for-stm32.7-2018-q2-update.win32_1.4.0.202007081208/tools/bin/../lib/gcc/arm-none-eabi/7.3.1/thumb/v7-m/crtn.o
 *(.fini)
 .fini          0x000000000800150c        0x4 c:/st/stm32cubeide_1.4.0/stm32cubeide/plugins/com.st.stm32cube.ide.mcu.externaltools.gnu-tools-for-stm32.7-2018-q2-update.win32_1.4.0.202007081208/tools/bin/../lib/gcc/arm-none-eabi/7.3.1/thumb/v7-m/crti.o
                0x000000000800150c                _fini
 .fini          0x0000000008001510        0x8 c:/st/stm32cubeide_1.4.0/stm32cubeide/plugins/com.st.stm32cube.ide.mcu.externaltools.gnu-tools-for-stm32.7-2018-q2-update.win32_1.4.0.202007081208/tools/bin/../lib/gcc/arm-none-eabi/7.3.1/thumb/v7-m/crtn.o
                0x0000000008001518                . = ALIGN (0x4)
                0x0000000008001518                _etext = .

.vfp11_veneer   0x0000000008001518        0x0
 .vfp11_veneer  0x0000000008001518        0x0 linker stubs

.v4_bx          0x0000000008001518        0x0
 .v4_bx         0x0000000008001518        0x0 linker stubs

.iplt           0x0000000008001518        0x0
 .iplt          0x0000000008001518        0x0 c:/st/stm32cubeide_1.4.0/stm32cubeide/plugins/com.st.stm32cube.ide.mcu.externaltools.gnu-tools-for-stm32.7-2018-q2-update.win32_1.4.0.202007081208/tools/bin/../lib/gcc/arm-none-eabi/7.3.1/thumb/v7-m/crtbegin.o

.rodata         0x0000000008001518       0x10
                0x0000000008001518                . = ALIGN (0x4)
 *(.rodata)
 .rodata        0x0000000008001518        0x7 APP/I2C_EEPROM.o
 *(.rodata*)
 *fill*         0x000000000800151f        0x1 
 .rodata.I2C_GPIO_Pins
                0x0000000008001520        0x8 MCAL/Src/I2C.o
                0x0000000008001520                I2C_GPIO_Pins
                0x0000000008001528                . = ALIGN (0x4)

.rel.dyn        0x0000000008001528        0x0
 .rel.iplt      0x0000000008001528        0x0 c:/st/stm32cubeide_1.4.0/stm32cubeide/plugins/com.st.stm32cube.ide.mcu.externaltools.gnu-tools-for-stm32.7-2018-q2-update.win32_1.4.0.202007081208/tools/bin/../lib/gcc/arm-none-eabi/7.3.1/thumb/v7-m/crtbegin.o

.ARM.extab      0x0000000008001528        0x0
                0x0000000008001528                . = ALIGN (0x4)
 *(.ARM.extab* .gnu.linkonce.armextab.*)
                0x0000000008001528                . = ALIGN (0x4)

.ARM            0x0000000008001528        0x0
                0x0000000008001528                . = ALIGN (0x4)
                0x0000000008001528                __exidx_start = .
 *(.ARM.exidx*)
                0x0000000008001528                __exidx_end = .
                0x0000000008001528                . = ALIGN (0x4)

.preinit_array  0x0000000008001528        0x0
                0x0000000008001528                . = ALIGN (0x4)
                0x0000000008001528                PROVIDE (__preinit_array_start = .)
 *(.preinit_array*)
                0x0000000008001528                PROVIDE (__preinit_array_end = .)
                0x0000000008001528                . = ALIGN (0x4)

.init_array     0x0000000008001528        0x4
                0x0000000008001528                . = ALIGN (0x4)
                0x0000000008001528                PROVIDE (__init_array_start = .)
 *(SORT_BY_NAME(.init_array.*))
 *(.init_array*)
 .init_array    0x0000000008001528        0x4 c:/st/stm32cubeide_1.4.0/stm32cubeide/plugins/com.st.stm32cube.ide.mcu.externaltools.gnu-tools-for-stm32.7-2018-q2-update.win32_1.4.0.202007081208/tools/bin/../lib/gcc/arm-none-eabi/7.3.1/thumb/v7-m/crtbegin.o
                0x000000000800152c                PROVIDE (__init_array_end = .)
                0x000000000800152c                . = ALIGN (0x4)

.fini_array     0x000000000800152c        0x4
                0x000000000800152c                . = ALIGN (0x4)
                [!provide]                        PROVIDE (__fini_array_start = .)
 *(SORT_BY_NAME(.fini_array.*))
 *(.fini_array*)
 .fini_array    0x000000000800152c        0x4 c:/st/stm32cubeide_1.4.0/stm32cubeide/plugins/com.st.stm32cube.ide.mcu.externaltools.gnu-tools-for-stm32.7-2018-q2-update.win32_1.4.0.202007081208/tools/bin/../lib/gcc/arm-none-eabi/7.3.1/thumb/v7-m/crtbegin.o
                [!provide]                        PROVIDE (__fini_array_end = .)
                0x0000000008001530                . = ALIGN (0x4)
                0x0000000008001530                _sidata = LOADADDR (.data)

.data           0x0000000020000000        0x0 load address 0x0000000008001530
                0x0000000020000000                . = ALIGN (0x4)
                0x0000000020000000                _sdata = .
 *(.data)
 *(.data*)
                0x0000000020000000                . = ALIGN (0x4)
                0x0000000020000000                _edata = .

.igot.plt       0x0000000020000000        0x0 load address 0x0000000008001530
 .igot.plt      0x0000000020000000        0x0 c:/st/stm32cubeide_1.4.0/stm32cubeide/plugins/com.st.stm32cube.ide.mcu.externaltools.gnu-tools-for-stm32.7-2018-q2-update.win32_1.4.0.202007081208/tools/bin/../lib/gcc/arm-none-eabi/7.3.1/thumb/v7-m/crtbegin.o
                0x0000000020000000                . = ALIGN (0x4)

.bss            0x0000000020000000       0xc4 load address 0x0000000008001530
                0x0000000020000000                _sbss = .
                0x0000000020000000                __bss_start__ = _sbss
 *(.bss)
 .bss           0x0000000020000000       0x1c c:/st/stm32cubeide_1.4.0/stm32cubeide/plugins/com.st.stm32cube.ide.mcu.externaltools.gnu-tools-for-stm32.7-2018-q2-update.win32_1.4.0.202007081208/tools/bin/../lib/gcc/arm-none-eabi/7.3.1/thumb/v7-m/crtbegin.o
 *(.bss*)
 .bss.Global_I2C_Config
                0x000000002000001c       0x58 MCAL/Src/I2C.o
 .bss.Global_SPI_Config
                0x0000000020000074        0x8 MCAL/Src/SPI.o
 .bss.Global_USART_Config
                0x000000002000007c        0xc MCAL/Src/USART.o
 *(COMMON)
 COMMON         0x0000000020000088       0x3c MCAL/Src/EXTI.o
                0x0000000020000088                GP_IRQCallBack
                0x00000000200000c4                . = ALIGN (0x4)
                0x00000000200000c4                _ebss = .
                0x00000000200000c4                __bss_end__ = _ebss

._user_heap_stack
                0x00000000200000c4      0x604 load address 0x0000000008001530
                0x00000000200000c8                . = ALIGN (0x8)
 *fill*         0x00000000200000c4        0x4 
                [!provide]                        PROVIDE (end = .)
                0x00000000200000c8                PROVIDE (_end = .)
                0x00000000200002c8                . = (. + _Min_Heap_Size)
 *fill*         0x00000000200000c8      0x200 
                0x00000000200006c8                . = (. + _Min_Stack_Size)
 *fill*         0x00000000200002c8      0x400 
                0x00000000200006c8                . = ALIGN (0x8)

/DISCARD/
 libc.a(*)
 libm.a(*)
 libgcc.a(*)

.ARM.attributes
                0x0000000000000000       0x29
 *(.ARM.attributes)
 .ARM.attributes
                0x0000000000000000       0x1d c:/st/stm32cubeide_1.4.0/stm32cubeide/plugins/com.st.stm32cube.ide.mcu.externaltools.gnu-tools-for-stm32.7-2018-q2-update.win32_1.4.0.202007081208/tools/bin/../lib/gcc/arm-none-eabi/7.3.1/thumb/v7-m/crti.o
 .ARM.attributes
                0x000000000000001d       0x2d c:/st/stm32cubeide_1.4.0/stm32cubeide/plugins/com.st.stm32cube.ide.mcu.externaltools.gnu-tools-for-stm32.7-2018-q2-update.win32_1.4.0.202007081208/tools/bin/../lib/gcc/arm-none-eabi/7.3.1/thumb/v7-m/crtbegin.o
 .ARM.attributes
                0x000000000000004a       0x33 APP/I2C_EEPROM.o
 .ARM.attributes
                0x000000000000007d       0x33 HAL/EEPROM/EEPROM.o
 .ARM.attributes
                0x00000000000000b0       0x33 MCAL/Src/EXTI.o
 .ARM.attributes
                0x00000000000000e3       0x33 MCAL/Src/GPIO.o
 .ARM.attributes
                0x0000000000000116       0x33 MCAL/Src/I2C.o
 .ARM.attributes
                0x0000000000000149       0x33 MCAL/Src/RCC.o
 .ARM.attributes
                0x000000000000017c       0x33 MCAL/Src/SPI.o
 .ARM.attributes
                0x00000000000001af       0x33 MCAL/Src/USART.o
 .ARM.attributes
                0x00000000000001e2       0x33 Src/main.o
 .ARM.attributes
                0x0000000000000215       0x21 Startup/startup_stm32f103c6tx.o
 .ARM.attributes
                0x0000000000000236       0x2d c:/st/stm32cubeide_1.4.0/stm32cubeide/plugins/com.st.stm32cube.ide.mcu.externaltools.gnu-tools-for-stm32.7-2018-q2-update.win32_1.4.0.202007081208/tools/bin/../lib/gcc/arm-none-eabi/7.3.1/../../../../arm-none-eabi/lib/thumb/v7-m\libc_nano.a(lib_a-init.o)
 .ARM.attributes
                0x0000000000000263       0x1d c:/st/stm32cubeide_1.4.0/stm32cubeide/plugins/com.st.stm32cube.ide.mcu.externaltools.gnu-tools-for-stm32.7-2018-q2-update.win32_1.4.0.202007081208/tools/bin/../lib/gcc/arm-none-eabi/7.3.1/thumb/v7-m/crtn.o
OUTPUT(STM32F103C6 Drivers.elf elf32-littlearm)

.debug_info     0x0000000000000000     0xf570
 .debug_info    0x0000000000000000      0x9ca APP/I2C_EEPROM.o
 .debug_info    0x00000000000009ca     0x1367 HAL/EEPROM/EEPROM.o
 .debug_info    0x0000000000001d31     0x1802 MCAL/Src/EXTI.o
 .debug_info    0x0000000000003533     0x201d MCAL/Src/GPIO.o
 .debug_info    0x0000000000005550     0x2c57 MCAL/Src/I2C.o
 .debug_info    0x00000000000081a7     0x1e26 MCAL/Src/RCC.o
 .debug_info    0x0000000000009fcd     0x24de MCAL/Src/SPI.o
 .debug_info    0x000000000000c4ab     0x2718 MCAL/Src/USART.o
 .debug_info    0x000000000000ebc3      0x98b Src/main.o
 .debug_info    0x000000000000f54e       0x22 Startup/startup_stm32f103c6tx.o

.debug_abbrev   0x0000000000000000     0x14c9
 .debug_abbrev  0x0000000000000000      0x16e APP/I2C_EEPROM.o
 .debug_abbrev  0x000000000000016e      0x223 HAL/EEPROM/EEPROM.o
 .debug_abbrev  0x0000000000000391      0x23b MCAL/Src/EXTI.o
 .debug_abbrev  0x00000000000005cc      0x2c6 MCAL/Src/GPIO.o
 .debug_abbrev  0x0000000000000892      0x33f MCAL/Src/I2C.o
 .debug_abbrev  0x0000000000000bd1      0x26e MCAL/Src/RCC.o
 .debug_abbrev  0x0000000000000e3f      0x274 MCAL/Src/SPI.o
 .debug_abbrev  0x00000000000010b3      0x2ac MCAL/Src/USART.o
 .debug_abbrev  0x000000000000135f      0x158 Src/main.o
 .debug_abbrev  0x00000000000014b7       0x12 Startup/startup_stm32f103c6tx.o

.debug_loc      0x0000000000000000     0x134c
 .debug_loc     0x0000000000000000       0x38 APP/I2C_EEPROM.o
 .debug_loc     0x0000000000000038       0xf2 HAL/EEPROM/EEPROM.o
 .debug_loc     0x000000000000012a      0x320 MCAL/Src/EXTI.o
 .debug_loc     0x000000000000044a      0x330 MCAL/Src/GPIO.o
 .debug_loc     0x000000000000077a      0x536 MCAL/Src/I2C.o
 .debug_loc     0x0000000000000cb0      0x168 MCAL/Src/RCC.o
 .debug_loc     0x0000000000000e18      0x274 MCAL/Src/SPI.o
 .debug_loc     0x000000000000108c      0x294 MCAL/Src/USART.o
 .debug_loc     0x0000000000001320       0x2c Src/main.o

.debug_aranges  0x0000000000000000      0x310
 .debug_aranges
                0x0000000000000000       0x20 APP/I2C_EEPROM.o
 .debug_aranges
                0x0000000000000020       0x30 HAL/EEPROM/EEPROM.o
 .debug_aranges
                0x0000000000000050       0x80 MCAL/Src/EXTI.o
 .debug_aranges
                0x00000000000000d0       0x60 MCAL/Src/GPIO.o
 .debug_aranges
                0x0000000000000130       0x98 MCAL/Src/I2C.o
 .debug_aranges
                0x00000000000001c8       0x48 MCAL/Src/RCC.o
 .debug_aranges
                0x0000000000000210       0x58 MCAL/Src/SPI.o
 .debug_aranges
                0x0000000000000268       0x60 MCAL/Src/USART.o
 .debug_aranges
                0x00000000000002c8       0x20 Src/main.o
 .debug_aranges
                0x00000000000002e8       0x28 Startup/startup_stm32f103c6tx.o

.debug_ranges   0x0000000000000000      0x278
 .debug_ranges  0x0000000000000000       0x10 APP/I2C_EEPROM.o
 .debug_ranges  0x0000000000000010       0x20 HAL/EEPROM/EEPROM.o
 .debug_ranges  0x0000000000000030       0x70 MCAL/Src/EXTI.o
 .debug_ranges  0x00000000000000a0       0x50 MCAL/Src/GPIO.o
 .debug_ranges  0x00000000000000f0       0x88 MCAL/Src/I2C.o
 .debug_ranges  0x0000000000000178       0x38 MCAL/Src/RCC.o
 .debug_ranges  0x00000000000001b0       0x48 MCAL/Src/SPI.o
 .debug_ranges  0x00000000000001f8       0x50 MCAL/Src/USART.o
 .debug_ranges  0x0000000000000248       0x10 Src/main.o
 .debug_ranges  0x0000000000000258       0x20 Startup/startup_stm32f103c6tx.o

.debug_macro    0x0000000000000000     0x33ce
 .debug_macro   0x0000000000000000      0x207 APP/I2C_EEPROM.o
 .debug_macro   0x0000000000000207      0xa60 APP/I2C_EEPROM.o
 .debug_macro   0x0000000000000c67       0x22 APP/I2C_EEPROM.o
 .debug_macro   0x0000000000000c89       0x40 APP/I2C_EEPROM.o
 .debug_macro   0x0000000000000cc9       0x18 APP/I2C_EEPROM.o
 .debug_macro   0x0000000000000ce1       0x94 APP/I2C_EEPROM.o
 .debug_macro   0x0000000000000d75       0x3c APP/I2C_EEPROM.o
 .debug_macro   0x0000000000000db1       0x34 APP/I2C_EEPROM.o
 .debug_macro   0x0000000000000de5       0x16 APP/I2C_EEPROM.o
 .debug_macro   0x0000000000000dfb       0x57 APP/I2C_EEPROM.o
 .debug_macro   0x0000000000000e52       0x97 APP/I2C_EEPROM.o
 .debug_macro   0x0000000000000ee9      0x330 APP/I2C_EEPROM.o
 .debug_macro   0x0000000000001219       0xfd APP/I2C_EEPROM.o
 .debug_macro   0x0000000000001316       0x10 APP/I2C_EEPROM.o
 .debug_macro   0x0000000000001326       0x52 APP/I2C_EEPROM.o
 .debug_macro   0x0000000000001378       0x1f APP/I2C_EEPROM.o
 .debug_macro   0x0000000000001397       0x43 APP/I2C_EEPROM.o
 .debug_macro   0x00000000000013da       0x20 APP/I2C_EEPROM.o
 .debug_macro   0x00000000000013fa      0x1a3 APP/I2C_EEPROM.o
 .debug_macro   0x000000000000159d       0x10 APP/I2C_EEPROM.o
 .debug_macro   0x00000000000015ad       0x6a APP/I2C_EEPROM.o
 .debug_macro   0x0000000000001617       0x1c APP/I2C_EEPROM.o
 .debug_macro   0x0000000000001633       0x52 APP/I2C_EEPROM.o
 .debug_macro   0x0000000000001685       0x40 APP/I2C_EEPROM.o
 .debug_macro   0x00000000000016c5       0x10 APP/I2C_EEPROM.o
 .debug_macro   0x00000000000016d5       0x40 APP/I2C_EEPROM.o
 .debug_macro   0x0000000000001715       0xd7 APP/I2C_EEPROM.o
 .debug_macro   0x00000000000017ec       0x1c APP/I2C_EEPROM.o
 .debug_macro   0x0000000000001808       0x3d APP/I2C_EEPROM.o
 .debug_macro   0x0000000000001845       0x16 APP/I2C_EEPROM.o
 .debug_macro   0x000000000000185b      0x145 APP/I2C_EEPROM.o
 .debug_macro   0x00000000000019a0       0xef APP/I2C_EEPROM.o
 .debug_macro   0x0000000000001a8f      0x1df APP/I2C_EEPROM.o
 .debug_macro   0x0000000000001c6e      0x253 APP/I2C_EEPROM.o
 .debug_macro   0x0000000000001ec1      0x106 APP/I2C_EEPROM.o
 .debug_macro   0x0000000000001fc7       0x10 APP/I2C_EEPROM.o
 .debug_macro   0x0000000000001fd7       0x7e APP/I2C_EEPROM.o
 .debug_macro   0x0000000000002055       0x10 APP/I2C_EEPROM.o
 .debug_macro   0x0000000000002065      0x204 HAL/EEPROM/EEPROM.o
 .debug_macro   0x0000000000002269      0x1e5 MCAL/Src/EXTI.o
 .debug_macro   0x000000000000244e      0x1c4 MCAL/Src/EXTI.o
 .debug_macro   0x0000000000002612      0x1d6 MCAL/Src/GPIO.o
 .debug_macro   0x00000000000027e8      0x20c MCAL/Src/I2C.o
 .debug_macro   0x00000000000029f4      0x1e5 MCAL/Src/RCC.o
 .debug_macro   0x0000000000002bd9      0x218 MCAL/Src/SPI.o
 .debug_macro   0x0000000000002df1       0xca MCAL/Src/SPI.o
 .debug_macro   0x0000000000002ebb      0x21e MCAL/Src/USART.o
 .debug_macro   0x00000000000030d9       0xee MCAL/Src/USART.o
 .debug_macro   0x00000000000031c7      0x207 Src/main.o

.debug_line     0x0000000000000000     0x444d
 .debug_line    0x0000000000000000      0x6f8 APP/I2C_EEPROM.o
 .debug_line    0x00000000000006f8      0x67e HAL/EEPROM/EEPROM.o
 .debug_line    0x0000000000000d76      0x7f7 MCAL/Src/EXTI.o
 .debug_line    0x000000000000156d      0x733 MCAL/Src/GPIO.o
 .debug_line    0x0000000000001ca0      0x98c MCAL/Src/I2C.o
 .debug_line    0x000000000000262c      0x687 MCAL/Src/RCC.o
 .debug_line    0x0000000000002cb3      0x7ca MCAL/Src/SPI.o
 .debug_line    0x000000000000347d      0x868 MCAL/Src/USART.o
 .debug_line    0x0000000000003ce5      0x6e4 Src/main.o
 .debug_line    0x00000000000043c9       0x84 Startup/startup_stm32f103c6tx.o

.debug_str      0x0000000000000000     0xc13d
 .debug_str     0x0000000000000000     0x8ec7 APP/I2C_EEPROM.o
                                       0x911a (size before relaxing)
 .debug_str     0x0000000000008ec7      0x362 HAL/EEPROM/EEPROM.o
                                       0x948a (size before relaxing)
 .debug_str     0x0000000000009229     0x17da MCAL/Src/EXTI.o
                                       0xa64c (size before relaxing)
 .debug_str     0x000000000000aa03      0x5c7 MCAL/Src/GPIO.o
                                       0x95c7 (size before relaxing)
 .debug_str     0x000000000000afca      0x29a MCAL/Src/I2C.o
                                       0x9d56 (size before relaxing)
 .debug_str     0x000000000000b264       0x8d MCAL/Src/RCC.o
                                       0x9543 (size before relaxing)
 .debug_str     0x000000000000b2f1      0x65a MCAL/Src/SPI.o
                                       0x9bef (size before relaxing)
 .debug_str     0x000000000000b94b      0x7ae MCAL/Src/USART.o
                                       0x9daf (size before relaxing)
 .debug_str     0x000000000000c0f9       0x13 Src/main.o
                                       0x90fc (size before relaxing)
 .debug_str     0x000000000000c10c       0x31 Startup/startup_stm32f103c6tx.o
                                         0x7e (size before relaxing)

.comment        0x0000000000000000       0x7b
 .comment       0x0000000000000000       0x7b APP/I2C_EEPROM.o
                                         0x7c (size before relaxing)
 .comment       0x000000000000007b       0x7c HAL/EEPROM/EEPROM.o
 .comment       0x000000000000007b       0x7c MCAL/Src/EXTI.o
 .comment       0x000000000000007b       0x7c MCAL/Src/GPIO.o
 .comment       0x000000000000007b       0x7c MCAL/Src/I2C.o
 .comment       0x000000000000007b       0x7c MCAL/Src/RCC.o
 .comment       0x000000000000007b       0x7c MCAL/Src/SPI.o
 .comment       0x000000000000007b       0x7c MCAL/Src/USART.o
 .comment       0x000000000000007b       0x7c Src/main.o

.debug_frame    0x0000000000000000      0x9f4
 .debug_frame   0x0000000000000000       0x30 APP/I2C_EEPROM.o
 .debug_frame   0x0000000000000030       0x80 HAL/EEPROM/EEPROM.o
 .debug_frame   0x00000000000000b0      0x1b4 MCAL/Src/EXTI.o
 .debug_frame   0x0000000000000264      0x174 MCAL/Src/GPIO.o
 .debug_frame   0x00000000000003d8      0x274 MCAL/Src/I2C.o
 .debug_frame   0x000000000000064c       0xcc MCAL/Src/RCC.o
 .debug_frame   0x0000000000000718      0x134 MCAL/Src/SPI.o
 .debug_frame   0x000000000000084c      0x150 MCAL/Src/USART.o
 .debug_frame   0x000000000000099c       0x2c Src/main.o
 .debug_frame   0x00000000000009c8       0x2c c:/st/stm32cubeide_1.4.0/stm32cubeide/plugins/com.st.stm32cube.ide.mcu.externaltools.gnu-tools-for-stm32.7-2018-q2-update.win32_1.4.0.202007081208/tools/bin/../lib/gcc/arm-none-eabi/7.3.1/../../../../arm-none-eabi/lib/thumb/v7-m\libc_nano.a(lib_a-init.o)
