Archive member included to satisfy reference by file (symbol)

c:/st/stm32cubeide_1.4.0/stm32cubeide/plugins/com.st.stm32cube.ide.mcu.externaltools.gnu-tools-for-stm32.7-2018-q2-update.win32_1.4.0.202007081208/tools/bin/../lib/gcc/arm-none-eabi/7.3.1/../../../../arm-none-eabi/lib/thumb/v7-m\libc_nano.a(lib_a-errno.o)
                              Src/syscalls.o (__errno)
c:/st/stm32cubeide_1.4.0/stm32cubeide/plugins/com.st.stm32cube.ide.mcu.externaltools.gnu-tools-for-stm32.7-2018-q2-update.win32_1.4.0.202007081208/tools/bin/../lib/gcc/arm-none-eabi/7.3.1/../../../../arm-none-eabi/lib/thumb/v7-m\libc_nano.a(lib_a-exit.o)
                              c:/st/stm32cubeide_1.4.0/stm32cubeide/plugins/com.st.stm32cube.ide.mcu.externaltools.gnu-tools-for-stm32.7-2018-q2-update.win32_1.4.0.202007081208/tools/bin/../lib/gcc/arm-none-eabi/7.3.1/../../../../arm-none-eabi/lib/thumb/v7-m/crt0.o (exit)
c:/st/stm32cubeide_1.4.0/stm32cubeide/plugins/com.st.stm32cube.ide.mcu.externaltools.gnu-tools-for-stm32.7-2018-q2-update.win32_1.4.0.202007081208/tools/bin/../lib/gcc/arm-none-eabi/7.3.1/../../../../arm-none-eabi/lib/thumb/v7-m\libc_nano.a(lib_a-impure.o)
                              c:/st/stm32cubeide_1.4.0/stm32cubeide/plugins/com.st.stm32cube.ide.mcu.externaltools.gnu-tools-for-stm32.7-2018-q2-update.win32_1.4.0.202007081208/tools/bin/../lib/gcc/arm-none-eabi/7.3.1/../../../../arm-none-eabi/lib/thumb/v7-m\libc_nano.a(lib_a-exit.o) (_global_impure_ptr)
c:/st/stm32cubeide_1.4.0/stm32cubeide/plugins/com.st.stm32cube.ide.mcu.externaltools.gnu-tools-for-stm32.7-2018-q2-update.win32_1.4.0.202007081208/tools/bin/../lib/gcc/arm-none-eabi/7.3.1/../../../../arm-none-eabi/lib/thumb/v7-m\libc_nano.a(lib_a-init.o)
                              c:/st/stm32cubeide_1.4.0/stm32cubeide/plugins/com.st.stm32cube.ide.mcu.externaltools.gnu-tools-for-stm32.7-2018-q2-update.win32_1.4.0.202007081208/tools/bin/../lib/gcc/arm-none-eabi/7.3.1/../../../../arm-none-eabi/lib/thumb/v7-m/crt0.o (__libc_init_array)
c:/st/stm32cubeide_1.4.0/stm32cubeide/plugins/com.st.stm32cube.ide.mcu.externaltools.gnu-tools-for-stm32.7-2018-q2-update.win32_1.4.0.202007081208/tools/bin/../lib/gcc/arm-none-eabi/7.3.1/../../../../arm-none-eabi/lib/thumb/v7-m\libc_nano.a(lib_a-memset.o)
                              c:/st/stm32cubeide_1.4.0/stm32cubeide/plugins/com.st.stm32cube.ide.mcu.externaltools.gnu-tools-for-stm32.7-2018-q2-update.win32_1.4.0.202007081208/tools/bin/../lib/gcc/arm-none-eabi/7.3.1/../../../../arm-none-eabi/lib/thumb/v7-m/crt0.o (memset)
c:/st/stm32cubeide_1.4.0/stm32cubeide/plugins/com.st.stm32cube.ide.mcu.externaltools.gnu-tools-for-stm32.7-2018-q2-update.win32_1.4.0.202007081208/tools/bin/../lib/gcc/arm-none-eabi/7.3.1/../../../../arm-none-eabi/lib/thumb/v7-m\libc_nano.a(lib_a-sprintf.o)
                              HAL/LCD/LCD.o (sprintf)
c:/st/stm32cubeide_1.4.0/stm32cubeide/plugins/com.st.stm32cube.ide.mcu.externaltools.gnu-tools-for-stm32.7-2018-q2-update.win32_1.4.0.202007081208/tools/bin/../lib/gcc/arm-none-eabi/7.3.1/../../../../arm-none-eabi/lib/thumb/v7-m\libc_nano.a(lib_a-nano-svfprintf.o)
                              c:/st/stm32cubeide_1.4.0/stm32cubeide/plugins/com.st.stm32cube.ide.mcu.externaltools.gnu-tools-for-stm32.7-2018-q2-update.win32_1.4.0.202007081208/tools/bin/../lib/gcc/arm-none-eabi/7.3.1/../../../../arm-none-eabi/lib/thumb/v7-m\libc_nano.a(lib_a-sprintf.o) (_svfprintf_r)
c:/st/stm32cubeide_1.4.0/stm32cubeide/plugins/com.st.stm32cube.ide.mcu.externaltools.gnu-tools-for-stm32.7-2018-q2-update.win32_1.4.0.202007081208/tools/bin/../lib/gcc/arm-none-eabi/7.3.1/../../../../arm-none-eabi/lib/thumb/v7-m\libc_nano.a(lib_a-nano-vfprintf_i.o)
                              c:/st/stm32cubeide_1.4.0/stm32cubeide/plugins/com.st.stm32cube.ide.mcu.externaltools.gnu-tools-for-stm32.7-2018-q2-update.win32_1.4.0.202007081208/tools/bin/../lib/gcc/arm-none-eabi/7.3.1/../../../../arm-none-eabi/lib/thumb/v7-m\libc_nano.a(lib_a-nano-svfprintf.o) (_printf_i)
c:/st/stm32cubeide_1.4.0/stm32cubeide/plugins/com.st.stm32cube.ide.mcu.externaltools.gnu-tools-for-stm32.7-2018-q2-update.win32_1.4.0.202007081208/tools/bin/../lib/gcc/arm-none-eabi/7.3.1/../../../../arm-none-eabi/lib/thumb/v7-m\libc_nano.a(lib_a-memchr-stub.o)
                              c:/st/stm32cubeide_1.4.0/stm32cubeide/plugins/com.st.stm32cube.ide.mcu.externaltools.gnu-tools-for-stm32.7-2018-q2-update.win32_1.4.0.202007081208/tools/bin/../lib/gcc/arm-none-eabi/7.3.1/../../../../arm-none-eabi/lib/thumb/v7-m\libc_nano.a(lib_a-nano-svfprintf.o) (memchr)
c:/st/stm32cubeide_1.4.0/stm32cubeide/plugins/com.st.stm32cube.ide.mcu.externaltools.gnu-tools-for-stm32.7-2018-q2-update.win32_1.4.0.202007081208/tools/bin/../lib/gcc/arm-none-eabi/7.3.1/../../../../arm-none-eabi/lib/thumb/v7-m\libc_nano.a(lib_a-memcpy-stub.o)
[...]
Memory Configuration

Name             Origin             Length             Attributes
RAM              0x0000000020000000 0x0000000000002800 xrw
ROM              0x0000000008000000 0x0000000000008000 xr
*default*        0x0000000000000000 0xffffffffffffffff

Linker script and memory map

LOAD c:/st/stm32cubeide_1.4.0/stm32cubeide/plugins/com.st.stm32cube.ide.mcu.externaltools.gnu-tools-for-stm32.7-2018-q2-update.win32_1.4.0.202007081208/tools/bin/../lib/gcc/arm-none-eabi/7.3.1/thumb/v7-m/crti.o
LOAD c:/st/stm32cubeide_1.4.0/stm32cubeide/plugins/com.st.stm32cube.ide.mcu.externaltools.gnu-tools-for-stm32.7-2018-q2-update.win32_1.4.0.202007081208/tools/bin/../lib/gcc/arm-none-eabi/7.3.1/thumb/v7-m/crtbegin.o
LOAD c:/st/stm32cubeide_1.4.0/stm32cubeide/plugins/com.st.stm32cube.ide.mcu.externaltools.gnu-tools-for-stm32.7-2018-q2-update.win32_1.4.0.202007081208/tools/bin/../lib/gcc/arm-none-eabi/7.3.1/../../../../arm-none-eabi/lib/thumb/v7-m/crt0.o
LOAD APP/SPI_Debug_Analysis.o
LOAD HAL/7 Segment/Segment.o
LOAD HAL/Keypad/Keypad.o
LOAD HAL/LCD/LCD.o
LOAD MCAL/Src/EXTI.o
LOAD MCAL/Src/GPIO.o
LOAD MCAL/Src/RCC.o
LOAD MCAL/Src/SPI.o
LOAD MCAL/Src/USART.o
LOAD Src/main.o
LOAD Src/syscalls.o
LOAD Src/sysmem.o
LOAD Startup/startup_stm32f103c6tx.o
START GROUP
LOAD c:/st/stm32cubeide_1.4.0/stm32cubeide/plugins/com.st.stm32cube.ide.mcu.externaltools.gnu-tools-for-stm32.7-2018-q2-update.win32_1.4.0.202007081208/tools/bin/../lib/gcc/arm-none-eabi/7.3.1/../../../../arm-none-eabi/lib/thumb/v7-m\libc_nano.a
LOAD c:/st/stm32cubeide_1.4.0/stm32cubeide/plugins/com.st.stm32cube.ide.mcu.externaltools.gnu-tools-for-stm32.7-2018-q2-update.win32_1.4.0.202007081208/tools/bin/../lib/gcc/arm-none-eabi/7.3.1/../../../../arm-none-eabi/lib/thumb/v7-m\libm.a
END GROUP
START GROUP
LOAD c:/st/stm32cubeide_1.4.0/stm32cubeide/plugins/com.st.stm32cube.ide.mcu.externaltools.gnu-tools-for-stm32.7-2018-q2-update.win32_1.4.0.202007081208/tools/bin/../lib/gcc/arm-none-eabi/7.3.1/thumb/v7-m\libgcc.a
LOAD c:/st/stm32cubeide_1.4.0/stm32cubeide/plugins/com.st.stm32cube.ide.mcu.externaltools.gnu-tools-for-stm32.7-2018-q2-update.win32_1.4.0.202007081208/tools/bin/../lib/gcc/arm-none-eabi/7.3.1/../../../../arm-none-eabi/lib/thumb/v7-m\libg_nano.a
LOAD c:/st/stm32cubeide_1.4.0/stm32cubeide/plugins/com.st.stm32cube.ide.mcu.externaltools.gnu-tools-for-stm32.7-2018-q2-update.win32_1.4.0.202007081208/tools/bin/../lib/gcc/arm-none-eabi/7.3.1/../../../../arm-none-eabi/lib/thumb/v7-m\libc_nano.a
END GROUP
START GROUP
LOAD c:/st/stm32cubeide_1.4.0/stm32cubeide/plugins/com.st.stm32cube.ide.mcu.externaltools.gnu-tools-for-stm32.7-2018-q2-update.win32_1.4.0.202007081208/tools/bin/../lib/gcc/arm-none-eabi/7.3.1/thumb/v7-m\libgcc.a
LOAD c:/st/stm32cubeide_1.4.0/stm32cubeide/plugins/com.st.stm32cube.ide.mcu.externaltools.gnu-tools-for-stm32.7-2018-q2-update.win32_1.4.0.202007081208/tools/bin/../lib/gcc/arm-none-eabi/7.3.1/../../../../arm-none-eabi/lib/thumb/v7-m\libc_nano.a
LOAD c:/st/stm32cubeide_1.4.0/stm32cubeide/plugins/com.st.stm32cube.ide.mcu.externaltools.gnu-tools-for-stm32.7-2018-q2-update.win32_1.4.0.202007081208/tools/bin/../lib/gcc/arm-none-eabi/7.3.1/../../../../arm-none-eabi/lib/thumb/v7-m\libnosys.a
END GROUP
START GROUP
LOAD c:/st/stm32cubeide_1.4.0/stm32cubeide/plugins/com.st.stm32cube.ide.mcu.externaltools.gnu-tools-for-stm32.7-2018-q2-update.win32_1.4.0.202007081208/tools/bin/../lib/gcc/arm-none-eabi/7.3.1/thumb/v7-m\libgcc.a
LOAD c:/st/stm32cubeide_1.4.0/stm32cubeide/plugins/com.st.stm32cube.ide.mcu.externaltools.gnu-tools-for-stm32.7-2018-q2-update.win32_1.4.0.202007081208/tools/bin/../lib/gcc/arm-none-eabi/7.3.1/../../../../arm-none-eabi/lib/thumb/v7-m\libc_nano.a
LOAD c:/st/stm32cubeide_1.4.0/stm32cubeide/plugins/com.st.stm32cube.ide.mcu.externaltools.gnu-tools-for-stm32.7-2018-q2-update.win32_1.4.0.202007081208/tools/bin/../lib/gcc/arm-none-eabi/7.3.1/../../../../arm-none-eabi/lib/thumb/v7-m\libnosys.a
END GROUP
LOAD c:/st/stm32cubeide_1.4.0/stm32cubeide/plugins/com.st.stm32cube.ide.mcu.externaltools.gnu-tools-for-stm32.7-2018-q2-update.win32_1.4.0.202007081208/tools/bin/../lib/gcc/arm-none-eabi/7.3.1/thumb/v7-m/crtend.o
LOAD c:/st/stm32cubeide_1.4.0/stm32cubeide/plugins/com.st.stm32cube.ide.mcu.externaltools.gnu-tools-for-stm32.7-2018-q2-update.win32_1.4.0.202007081208/tools/bin/../lib/gcc/arm-none-eabi/7.3.1/thumb/v7-m/crtn.o
                0x0000000020002800                _estack = (ORIGIN (RAM) + LENGTH (RAM))
                0x0000000000000200                _Min_Heap_Size = 0x200
                0x0000000000000400                _Min_Stack_Size = 0x400

.isr_vector     0x0000000008000000      0x130
                0x0000000008000000                . = ALIGN (0x4)
 *(.isr_vector)
 .isr_vector    0x0000000008000000      0x130 Startup/startup_stm32f103c6tx.o
                0x0000000008000000                g_pfnVectors
                0x0000000008000130                . = ALIGN (0x4)

.text           0x0000000008000130     0x13c0
                0x0000000008000130                . = ALIGN (0x4)
 *(.text)
 .text          0x0000000008000130       0x40 c:/st/stm32cubeide_1.4.0/stm32cubeide/plugins/com.st.stm32cube.ide.mcu.externaltools.gnu-tools-for-stm32.7-2018-q2-update.win32_1.4.0.202007081208/tools/bin/../lib/gcc/arm-none-eabi/7.3.1/thumb/v7-m/crtbegin.o
 *(.text*)
 .text.USART1_CallBack
                0x0000000008000170       0x58 APP/SPI_Debug_Analysis.o
                0x0000000008000170                USART1_CallBack
 .text.SPI_Debug_Analysis_Using_UART1_Interrupt
                0x00000000080001c8       0xb0 APP/SPI_Debug_Analysis.o
                0x00000000080001c8                SPI_Debug_Analysis_Using_UART1_Interrupt
 .text.EXTI0_IRQHandler
                0x0000000008000278       0x2c MCAL/Src/EXTI.o
                0x0000000008000278                EXTI0_IRQHandler
 .text.EXTI1_IRQHandler
                0x00000000080002a4       0x2c MCAL/Src/EXTI.o
                0x00000000080002a4                EXTI1_IRQHandler
 .text.EXTI2_IRQHandler
                0x00000000080002d0       0x2c MCAL/Src/EXTI.o
                0x00000000080002d0                EXTI2_IRQHandler
 .text.EXTI3_IRQHandler
                0x00000000080002fc       0x2c MCAL/Src/EXTI.o
                0x00000000080002fc                EXTI3_IRQHandler
 .text.EXTI4_IRQHandler
                0x0000000008000328       0x2c MCAL/Src/EXTI.o
                0x0000000008000328                EXTI4_IRQHandler
 .text.EXTI9_5_IRQHandler
                0x0000000008000354       0xf4 MCAL/Src/EXTI.o
                0x0000000008000354                EXTI9_5_IRQHandler
 .text.EXTI15_10_IRQHandler
                0x0000000008000448      0x124 MCAL/Src/EXTI.o
                0x0000000008000448                EXTI15_10_IRQHandler
 .text.ConfigurationPin
                0x000000000800056c      0x324 MCAL/Src/GPIO.o
                0x000000000800056c                ConfigurationPin
 .text.MCAL_GPIO_Init
                0x0000000008000890       0xfc MCAL/Src/GPIO.o
                0x0000000008000890                MCAL_GPIO_Init
 .text.MCAL_GPIO_WritePin
                0x000000000800098c       0x3a MCAL/Src/GPIO.o
                0x000000000800098c                MCAL_GPIO_WritePin
 *fill*         0x00000000080009c6        0x2 
 .text.MCAL_RCC_GPIO_EN
                0x00000000080009c8       0x74 MCAL/Src/RCC.o
                0x00000000080009c8                MCAL_RCC_GPIO_EN
 .text.MCAL_RCC_AFIO_EN
                0x0000000008000a3c       0x1c MCAL/Src/RCC.o
                0x0000000008000a3c                MCAL_RCC_AFIO_EN
 .text.MCAL_RCC_GetSYS_CLKFreq
                0x0000000008000a58       0x3c MCAL/Src/RCC.o
                0x0000000008000a58                MCAL_RCC_GetSYS_CLKFreq
 .text.MCAL_RCC_GetHCLKFreq
                0x0000000008000a94       0x20 MCAL/Src/RCC.o
                0x0000000008000a94                MCAL_RCC_GetHCLKFreq
 .text.MCAL_RCC_GetPCLK1Freq
                0x0000000008000ab4       0x20 MCAL/Src/RCC.o
                0x0000000008000ab4                MCAL_RCC_GetPCLK1Freq
 .text.MCAL_RCC_GetPCLK2Freq
                0x0000000008000ad4       0x20 MCAL/Src/RCC.o
                0x0000000008000ad4                MCAL_RCC_GetPCLK2Freq
 .text.MCAL_SPI_Init
                0x0000000008000af4      0x214 MCAL/Src/SPI.o
                0x0000000008000af4                MCAL_SPI_Init
 .text.MCAL_SPI_TX_RX
                0x0000000008000d08       0x5c MCAL/Src/SPI.o
                0x0000000008000d08                MCAL_SPI_TX_RX
 .text.MCAL_SPI_GPIO_Set_Pins
                0x0000000008000d64      0x188 MCAL/Src/SPI.o
                0x0000000008000d64                MCAL_SPI_GPIO_Set_Pins
 .text.SPI1_IRQHandler
                0x0000000008000eec       0x14 MCAL/Src/SPI.o
                0x0000000008000eec                SPI1_IRQHandler
 .text.SPI2_IRQHandler
                0x0000000008000f00       0x14 MCAL/Src/SPI.o
                0x0000000008000f00                SPI2_IRQHandler
 .text.MCAL_UART_Init
                0x0000000008000f14      0x23c MCAL/Src/USART.o
                0x0000000008000f14                MCAL_UART_Init
 .text.MCAL_UART_GPIO_Set_Pins
                0x0000000008001150      0x12c MCAL/Src/USART.o
                0x0000000008001150                MCAL_UART_GPIO_Set_Pins
 .text.MCAL_UART_SendData
                0x000000000800127c       0xa4 MCAL/Src/USART.o
                0x000000000800127c                MCAL_UART_SendData
 .text.MCAL_UART_ReceiveData
                0x0000000008001320       0xd0 MCAL/Src/USART.o
                0x0000000008001320                MCAL_UART_ReceiveData
 .text.USART2_IRQHandler
                0x00000000080013f0       0x14 MCAL/Src/USART.o
                0x00000000080013f0                USART2_IRQHandler
 .text.USART1_IRQHandler
                0x0000000008001404       0x14 MCAL/Src/USART.o
                0x0000000008001404                USART1_IRQHandler
 .text.USART3_IRQHandler
                0x0000000008001418       0x14 MCAL/Src/USART.o
                0x0000000008001418                USART3_IRQHandler
 .text.main     0x000000000800142c        0xe Src/main.o
                0x000000000800142c                main
 *fill*         0x000000000800143a        0x2 
 .text.Reset_Handler
                0x000000000800143c       0x50 Startup/startup_stm32f103c6tx.o
                0x000000000800143c                Reset_Handler
 .text.Default_Handler
                0x000000000800148c        0x2 Startup/startup_stm32f103c6tx.o
                0x000000000800148c                TIM8_TRG_COM_IRQHandler
                0x000000000800148c                TIM8_CC_IRQHandler
                0x000000000800148c                DebugMon_Handler
                0x000000000800148c                TIM1_CC_IRQHandler
                0x000000000800148c                HardFault_Handler
                0x000000000800148c                TIM6_IRQHandler
                0x000000000800148c                SysTick_Handler
                0x000000000800148c                PVD_IRQHandler
                0x000000000800148c                SDIO_IRQHandler
                0x000000000800148c                PendSV_Handler
                0x000000000800148c                NMI_Handler
                0x000000000800148c                USB_HP_CAN_TX_IRQHandler
                0x000000000800148c                I2C2_EV_IRQHandler
                0x000000000800148c                UsageFault_Handler
                0x000000000800148c                ADC1_2_IRQHandler
                0x000000000800148c                CAN_SCE_IRQHandler
                0x000000000800148c                TAMPER_IRQHandler
                0x000000000800148c                TIM8_UP_IRQHandler
                0x000000000800148c                DMA2_Channel2_IRQHandler
                0x000000000800148c                DMA1_Channel4_IRQHandler
                0x000000000800148c                RTC_IRQHandler
                0x000000000800148c                DMA1_Channel7_IRQHandler
                0x000000000800148c                UART5_IRQHandler
                0x000000000800148c                ADC3_IRQHandler
                0x000000000800148c                TIM4_IRQHandler
                0x000000000800148c                CAN_RX1_IRQHandler
                0x000000000800148c                DMA2_Channel1_IRQHandler
                0x000000000800148c                I2C1_EV_IRQHandler
                0x000000000800148c                DMA1_Channel6_IRQHandler
                0x000000000800148c                UART4_IRQHandler
                0x000000000800148c                TIM3_IRQHandler
                0x000000000800148c                RCC_IRQHandler
                0x000000000800148c                TIM1_TRG_COM_IRQHandler
                0x000000000800148c                DMA1_Channel1_IRQHandler
                0x000000000800148c                Default_Handler
                0x000000000800148c                TIM7_IRQHandler
                0x000000000800148c                TIM5_IRQHandler
                0x000000000800148c                USB_LP_CAN_RX0_IRQHandler
                0x000000000800148c                MemManage_Handler
                0x000000000800148c                SVC_Handler
                0x000000000800148c                DMA1_Channel5_IRQHandler
                0x000000000800148c                DMA1_Channel3_IRQHandler
                0x000000000800148c                FSMC_IRQHandler
                0x000000000800148c                TIM1_UP_IRQHandler
                0x000000000800148c                WWDG_IRQHandler
                0x000000000800148c                TIM2_IRQHandler
                0x000000000800148c                TIM1_BRK_IRQHandler
                0x000000000800148c                RTCAlarm_IRQHandler
                0x000000000800148c                DMA2_Channel4_5_IRQHandler
                0x000000000800148c                I2C2_ER_IRQHandler
                0x000000000800148c                DMA1_Channel2_IRQHandler
                0x000000000800148c                TIM8_BRK_IRQHandler
                0x000000000800148c                FLASH_IRQHandler
                0x000000000800148c                BusFault_Handler
                0x000000000800148c                SPI3_IRQHandler
                0x000000000800148c                I2C1_ER_IRQHandler
                0x000000000800148c                DMA2_Channel3_IRQHandler
 *fill*         0x000000000800148e        0x2 
 .text.__libc_init_array
                0x0000000008001490       0x48 c:/st/stm32cubeide_1.4.0/stm32cubeide/plugins/com.st.stm32cube.ide.mcu.externaltools.gnu-tools-for-stm32.7-2018-q2-update.win32_1.4.0.202007081208/tools/bin/../lib/gcc/arm-none-eabi/7.3.1/../../../../arm-none-eabi/lib/thumb/v7-m\libc_nano.a(lib_a-init.o)
                0x0000000008001490                __libc_init_array
 *(.glue_7)
 .glue_7        0x00000000080014d8        0x0 linker stubs
 *(.glue_7t)
 .glue_7t       0x00000000080014d8        0x0 linker stubs
 *(.eh_frame)
 .eh_frame      0x00000000080014d8        0x0 c:/st/stm32cubeide_1.4.0/stm32cubeide/plugins/com.st.stm32cube.ide.mcu.externaltools.gnu-tools-for-stm32.7-2018-q2-update.win32_1.4.0.202007081208/tools/bin/../lib/gcc/arm-none-eabi/7.3.1/thumb/v7-m/crtbegin.o
 *(.init)
 .init          0x00000000080014d8        0x4 c:/st/stm32cubeide_1.4.0/stm32cubeide/plugins/com.st.stm32cube.ide.mcu.externaltools.gnu-tools-for-stm32.7-2018-q2-update.win32_1.4.0.202007081208/tools/bin/../lib/gcc/arm-none-eabi/7.3.1/thumb/v7-m/crti.o
                0x00000000080014d8                _init
 .init          0x00000000080014dc        0x8 c:/st/stm32cubeide_1.4.0/stm32cubeide/plugins/com.st.stm32cube.ide.mcu.externaltools.gnu-tools-for-stm32.7-2018-q2-update.win32_1.4.0.202007081208/tools/bin/../lib/gcc/arm-none-eabi/7.3.1/thumb/v7-m/crtn.o
 *(.fini)
 .fini          0x00000000080014e4        0x4 c:/st/stm32cubeide_1.4.0/stm32cubeide/plugins/com.st.stm32cube.ide.mcu.externaltools.gnu-tools-for-stm32.7-2018-q2-update.win32_1.4.0.202007081208/tools/bin/../lib/gcc/arm-none-eabi/7.3.1/thumb/v7-m/crti.o
                0x00000000080014e4                _fini
 .fini          0x00000000080014e8        0x8 c:/st/stm32cubeide_1.4.0/stm32cubeide/plugins/com.st.stm32cube.ide.mcu.externaltools.gnu-tools-for-stm32.7-2018-q2-update.win32_1.4.0.202007081208/tools/bin/../lib/gcc/arm-none-eabi/7.3.1/thumb/v7-m/crtn.o
                0x00000000080014f0                . = ALIGN (0x4)
                0x00000000080014f0                _etext = .

.vfp11_veneer   0x00000000080014f0        0x0
 .vfp11_veneer  0x00000000080014f0        0x0 linker stubs

.v4_bx          0x00000000080014f0        0x0
 .v4_bx         0x00000000080014f0        0x0 linker stubs

.iplt           0x00000000080014f0        0x0
 .iplt          0x00000000080014f0        0x0 c:/st/stm32cubeide_1.4.0/stm32cubeide/plugins/com.st.stm32cube.ide.mcu.externaltools.gnu-tools-for-stm32.7-2018-q2-update.win32_1.4.0.202007081208/tools/bin/../lib/gcc/arm-none-eabi/7.3.1/thumb/v7-m/crtbegin.o

.rodata         0x00000000080014f0       0x28
                0x00000000080014f0                . = ALIGN (0x4)
 *(.rodata)
 *(.rodata*)
 .rodata.SPI_GPIO_Pins
                0x00000000080014f0       0x10 MCAL/Src/SPI.o
                0x00000000080014f0                SPI_GPIO_Pins
 .rodata.UART_GPIO_Pins
                0x0000000008001500       0x18 MCAL/Src/USART.o
                0x0000000008001500                UART_GPIO_Pins
                0x0000000008001518                . = ALIGN (0x4)

.rel.dyn        0x0000000008001518        0x0
 .rel.iplt      0x0000000008001518        0x0 c:/st/stm32cubeide_1.4.0/stm32cubeide/plugins/com.st.stm32cube.ide.mcu.externaltools.gnu-tools-for-stm32.7-2018-q2-update.win32_1.4.0.202007081208/tools/bin/../lib/gcc/arm-none-eabi/7.3.1/thumb/v7-m/crtbegin.o

.ARM.extab      0x0000000008001518        0x0
                0x0000000008001518                . = ALIGN (0x4)
 *(.ARM.extab* .gnu.linkonce.armextab.*)
                0x0000000008001518                . = ALIGN (0x4)

.ARM            0x0000000008001518        0x0
                0x0000000008001518                . = ALIGN (0x4)
                0x0000000008001518                __exidx_start = .
 *(.ARM.exidx*)
                0x0000000008001518                __exidx_end = .
                0x0000000008001518                . = ALIGN (0x4)

.preinit_array  0x0000000008001518        0x0
                0x0000000008001518                . = ALIGN (0x4)
                0x0000000008001518                PROVIDE (__preinit_array_start = .)
 *(.preinit_array*)
                0x0000000008001518                PROVIDE (__preinit_array_end = .)
                0x0000000008001518                . = ALIGN (0x4)

.init_array     0x0000000008001518        0x4
                0x0000000008001518                . = ALIGN (0x4)
                0x0000000008001518                PROVIDE (__init_array_start = .)
 *(SORT_BY_NAME(.init_array.*))
 *(.init_array*)
 .init_array    0x0000000008001518        0x4 c:/st/stm32cubeide_1.4.0/stm32cubeide/plugins/com.st.stm32cube.ide.mcu.externaltools.gnu-tools-for-stm32.7-2018-q2-update.win32_1.4.0.202007081208/tools/bin/../lib/gcc/arm-none-eabi/7.3.1/thumb/v7-m/crtbegin.o
                0x000000000800151c                PROVIDE (__init_array_end = .)
                0x000000000800151c                . = ALIGN (0x4)

.fini_array     0x000000000800151c        0x4
                0x000000000800151c                . = ALIGN (0x4)
                [!provide]                        PROVIDE (__fini_array_start = .)
 *(SORT_BY_NAME(.fini_array.*))
 *(.fini_array*)
 .fini_array    0x000000000800151c        0x4 c:/st/stm32cubeide_1.4.0/stm32cubeide/plugins/com.st.stm32cube.ide.mcu.externaltools.gnu-tools-for-stm32.7-2018-q2-update.win32_1.4.0.202007081208/tools/bin/../lib/gcc/arm-none-eabi/7.3.1/thumb/v7-m/crtbegin.o
                [!provide]                        PROVIDE (__fini_array_end = .)
                0x0000000008001520                . = ALIGN (0x4)
                0x0000000008001520                _sidata = LOADADDR (.data)

.data           0x0000000020000000        0x0 load address 0x0000000008001520
                0x0000000020000000                . = ALIGN (0x4)
                0x0000000020000000                _sdata = .
 *(.data)
 *(.data*)
                0x0000000020000000                . = ALIGN (0x4)
                0x0000000020000000                _edata = .

.igot.plt       0x0000000020000000        0x0 load address 0x0000000008001520
 .igot.plt      0x0000000020000000        0x0 c:/st/stm32cubeide_1.4.0/stm32cubeide/plugins/com.st.stm32cube.ide.mcu.externaltools.gnu-tools-for-stm32.7-2018-q2-update.win32_1.4.0.202007081208/tools/bin/../lib/gcc/arm-none-eabi/7.3.1/thumb/v7-m/crtbegin.o
                0x0000000020000000                . = ALIGN (0x4)

.bss            0x0000000020000000       0x70 load address 0x0000000008001520
                0x0000000020000000                _sbss = .
                0x0000000020000000                __bss_start__ = _sbss
 *(.bss)
 .bss           0x0000000020000000       0x1c c:/st/stm32cubeide_1.4.0/stm32cubeide/plugins/com.st.stm32cube.ide.mcu.externaltools.gnu-tools-for-stm32.7-2018-q2-update.win32_1.4.0.202007081208/tools/bin/../lib/gcc/arm-none-eabi/7.3.1/thumb/v7-m/crtbegin.o
 *(.bss*)
 .bss.Global_SPI_Config
                0x000000002000001c        0x8 MCAL/Src/SPI.o
 .bss.Global_USART_Config
                0x0000000020000024        0xc MCAL/Src/USART.o
 *(COMMON)
 COMMON         0x0000000020000030        0x2 APP/SPI_Debug_Analysis.o
                0x0000000020000030                data
 *fill*         0x0000000020000032        0x2 
 COMMON         0x0000000020000034       0x3c MCAL/Src/EXTI.o
                0x0000000020000034                GP_IRQCallBack
                0x0000000020000070                . = ALIGN (0x4)
                0x0000000020000070                _ebss = .
                0x0000000020000070                __bss_end__ = _ebss

._user_heap_stack
                0x0000000020000070      0x600 load address 0x0000000008001520
                0x0000000020000070                . = ALIGN (0x8)
                [!provide]                        PROVIDE (end = .)
                0x0000000020000070                PROVIDE (_end = .)
                0x0000000020000270                . = (. + _Min_Heap_Size)
 *fill*         0x0000000020000070      0x200 
                0x0000000020000670                . = (. + _Min_Stack_Size)
 *fill*         0x0000000020000270      0x400 
                0x0000000020000670                . = ALIGN (0x8)

/DISCARD/
 libc.a(*)
 libm.a(*)
 libgcc.a(*)

.ARM.attributes
                0x0000000000000000       0x29
 *(.ARM.attributes)
 .ARM.attributes
                0x0000000000000000       0x1d c:/st/stm32cubeide_1.4.0/stm32cubeide/plugins/com.st.stm32cube.ide.mcu.externaltools.gnu-tools-for-stm32.7-2018-q2-update.win32_1.4.0.202007081208/tools/bin/../lib/gcc/arm-none-eabi/7.3.1/thumb/v7-m/crti.o
 .ARM.attributes
                0x000000000000001d       0x2d c:/st/stm32cubeide_1.4.0/stm32cubeide/plugins/com.st.stm32cube.ide.mcu.externaltools.gnu-tools-for-stm32.7-2018-q2-update.win32_1.4.0.202007081208/tools/bin/../lib/gcc/arm-none-eabi/7.3.1/thumb/v7-m/crtbegin.o
 .ARM.attributes
                0x000000000000004a       0x33 APP/SPI_Debug_Analysis.o
 .ARM.attributes
                0x000000000000007d       0x33 MCAL/Src/EXTI.o
 .ARM.attributes
                0x00000000000000b0       0x33 MCAL/Src/GPIO.o
 .ARM.attributes
                0x00000000000000e3       0x33 MCAL/Src/RCC.o
 .ARM.attributes
                0x0000000000000116       0x33 MCAL/Src/SPI.o
 .ARM.attributes
                0x0000000000000149       0x33 MCAL/Src/USART.o
 .ARM.attributes
                0x000000000000017c       0x33 Src/main.o
 .ARM.attributes
                0x00000000000001af       0x21 Startup/startup_stm32f103c6tx.o
 .ARM.attributes
                0x00000000000001d0       0x2d c:/st/stm32cubeide_1.4.0/stm32cubeide/plugins/com.st.stm32cube.ide.mcu.externaltools.gnu-tools-for-stm32.7-2018-q2-update.win32_1.4.0.202007081208/tools/bin/../lib/gcc/arm-none-eabi/7.3.1/../../../../arm-none-eabi/lib/thumb/v7-m\libc_nano.a(lib_a-init.o)
 .ARM.attributes
                0x00000000000001fd       0x1d c:/st/stm32cubeide_1.4.0/stm32cubeide/plugins/com.st.stm32cube.ide.mcu.externaltools.gnu-tools-for-stm32.7-2018-q2-update.win32_1.4.0.202007081208/tools/bin/../lib/gcc/arm-none-eabi/7.3.1/thumb/v7-m/crtn.o
OUTPUT(STM32F103C6 Drivers.elf elf32-littlearm)

.debug_info     0x0000000000000000     0xc637
 .debug_info    0x0000000000000000     0x1a5f APP/SPI_Debug_Analysis.o
 .debug_info    0x0000000000001a5f     0x1802 MCAL/Src/EXTI.o
 .debug_info    0x0000000000003261     0x2019 MCAL/Src/GPIO.o
 .debug_info    0x000000000000527a     0x1e22 MCAL/Src/RCC.o
 .debug_info    0x000000000000709c     0x24da MCAL/Src/SPI.o
 .debug_info    0x0000000000009576     0x2714 MCAL/Src/USART.o
 .debug_info    0x000000000000bc8a      0x98b Src/main.o
 .debug_info    0x000000000000c615       0x22 Startup/startup_stm32f103c6tx.o

.debug_abbrev   0x0000000000000000     0x1006
 .debug_abbrev  0x0000000000000000      0x20d APP/SPI_Debug_Analysis.o
 .debug_abbrev  0x000000000000020d      0x23b MCAL/Src/EXTI.o
 .debug_abbrev  0x0000000000000448      0x2c6 MCAL/Src/GPIO.o
 .debug_abbrev  0x000000000000070e      0x26e MCAL/Src/RCC.o
 .debug_abbrev  0x000000000000097c      0x274 MCAL/Src/SPI.o
 .debug_abbrev  0x0000000000000bf0      0x2ac MCAL/Src/USART.o
 .debug_abbrev  0x0000000000000e9c      0x158 Src/main.o
 .debug_abbrev  0x0000000000000ff4       0x12 Startup/startup_stm32f103c6tx.o

.debug_loc      0x0000000000000000      0xd50
 .debug_loc     0x0000000000000000       0x64 APP/SPI_Debug_Analysis.o
 .debug_loc     0x0000000000000064      0x320 MCAL/Src/EXTI.o
 .debug_loc     0x0000000000000384      0x330 MCAL/Src/GPIO.o
 .debug_loc     0x00000000000006b4      0x168 MCAL/Src/RCC.o
 .debug_loc     0x000000000000081c      0x274 MCAL/Src/SPI.o
 .debug_loc     0x0000000000000a90      0x294 MCAL/Src/USART.o
 .debug_loc     0x0000000000000d24       0x2c Src/main.o

.debug_aranges  0x0000000000000000      0x250
 .debug_aranges
                0x0000000000000000       0x28 APP/SPI_Debug_Analysis.o
 .debug_aranges
                0x0000000000000028       0x80 MCAL/Src/EXTI.o
 .debug_aranges
                0x00000000000000a8       0x60 MCAL/Src/GPIO.o
 .debug_aranges
                0x0000000000000108       0x48 MCAL/Src/RCC.o
 .debug_aranges
                0x0000000000000150       0x58 MCAL/Src/SPI.o
 .debug_aranges
                0x00000000000001a8       0x60 MCAL/Src/USART.o
 .debug_aranges
                0x0000000000000208       0x20 Src/main.o
 .debug_aranges
                0x0000000000000228       0x28 Startup/startup_stm32f103c6tx.o

.debug_ranges   0x0000000000000000      0x1d8
 .debug_ranges  0x0000000000000000       0x18 APP/SPI_Debug_Analysis.o
 .debug_ranges  0x0000000000000018       0x70 MCAL/Src/EXTI.o
 .debug_ranges  0x0000000000000088       0x50 MCAL/Src/GPIO.o
 .debug_ranges  0x00000000000000d8       0x38 MCAL/Src/RCC.o
 .debug_ranges  0x0000000000000110       0x48 MCAL/Src/SPI.o
 .debug_ranges  0x0000000000000158       0x50 MCAL/Src/USART.o
 .debug_ranges  0x00000000000001a8       0x10 Src/main.o
 .debug_ranges  0x00000000000001b8       0x20 Startup/startup_stm32f103c6tx.o

.debug_macro    0x0000000000000000     0x3001
 .debug_macro   0x0000000000000000      0x212 APP/SPI_Debug_Analysis.o
 .debug_macro   0x0000000000000212      0xa60 APP/SPI_Debug_Analysis.o
 .debug_macro   0x0000000000000c72       0x22 APP/SPI_Debug_Analysis.o
 .debug_macro   0x0000000000000c94       0x40 APP/SPI_Debug_Analysis.o
 .debug_macro   0x0000000000000cd4       0x18 APP/SPI_Debug_Analysis.o
 .debug_macro   0x0000000000000cec       0x94 APP/SPI_Debug_Analysis.o
 .debug_macro   0x0000000000000d80       0x3c APP/SPI_Debug_Analysis.o
 .debug_macro   0x0000000000000dbc       0x34 APP/SPI_Debug_Analysis.o
 .debug_macro   0x0000000000000df0       0x16 APP/SPI_Debug_Analysis.o
 .debug_macro   0x0000000000000e06       0x57 APP/SPI_Debug_Analysis.o
 .debug_macro   0x0000000000000e5d       0x97 APP/SPI_Debug_Analysis.o
 .debug_macro   0x0000000000000ef4      0x330 APP/SPI_Debug_Analysis.o
 .debug_macro   0x0000000000001224       0xfd APP/SPI_Debug_Analysis.o
 .debug_macro   0x0000000000001321       0x10 APP/SPI_Debug_Analysis.o
 .debug_macro   0x0000000000001331       0x52 APP/SPI_Debug_Analysis.o
 .debug_macro   0x0000000000001383       0x1f APP/SPI_Debug_Analysis.o
 .debug_macro   0x00000000000013a2       0x43 APP/SPI_Debug_Analysis.o
 .debug_macro   0x00000000000013e5       0x20 APP/SPI_Debug_Analysis.o
 .debug_macro   0x0000000000001405      0x1a3 APP/SPI_Debug_Analysis.o
 .debug_macro   0x00000000000015a8       0x10 APP/SPI_Debug_Analysis.o
 .debug_macro   0x00000000000015b8       0x6a APP/SPI_Debug_Analysis.o
 .debug_macro   0x0000000000001622       0x1c APP/SPI_Debug_Analysis.o
 .debug_macro   0x000000000000163e       0x52 APP/SPI_Debug_Analysis.o
 .debug_macro   0x0000000000001690       0x40 APP/SPI_Debug_Analysis.o
 .debug_macro   0x00000000000016d0       0x10 APP/SPI_Debug_Analysis.o
 .debug_macro   0x00000000000016e0       0x40 APP/SPI_Debug_Analysis.o
 .debug_macro   0x0000000000001720       0xd7 APP/SPI_Debug_Analysis.o
 .debug_macro   0x00000000000017f7       0x1c APP/SPI_Debug_Analysis.o
 .debug_macro   0x0000000000001813       0x3d APP/SPI_Debug_Analysis.o
 .debug_macro   0x0000000000001850       0x16 APP/SPI_Debug_Analysis.o
 .debug_macro   0x0000000000001866      0x145 APP/SPI_Debug_Analysis.o
 .debug_macro   0x00000000000019ab       0xef APP/SPI_Debug_Analysis.o
 .debug_macro   0x0000000000001a9a      0x1df APP/SPI_Debug_Analysis.o
 .debug_macro   0x0000000000001c79      0x21c APP/SPI_Debug_Analysis.o
 .debug_macro   0x0000000000001e95      0x106 APP/SPI_Debug_Analysis.o
 .debug_macro   0x0000000000001f9b       0x10 APP/SPI_Debug_Analysis.o
 .debug_macro   0x0000000000001fab       0xee APP/SPI_Debug_Analysis.o
 .debug_macro   0x0000000000002099       0xd0 APP/SPI_Debug_Analysis.o
 .debug_macro   0x0000000000002169       0x28 APP/SPI_Debug_Analysis.o
 .debug_macro   0x0000000000002191      0x1e5 MCAL/Src/EXTI.o
 .debug_macro   0x0000000000002376      0x1c4 MCAL/Src/EXTI.o
 .debug_macro   0x000000000000253a      0x1d6 MCAL/Src/GPIO.o
 .debug_macro   0x0000000000002710      0x1e5 MCAL/Src/RCC.o
 .debug_macro   0x00000000000028f5      0x218 MCAL/Src/SPI.o
 .debug_macro   0x0000000000002b0d       0xca MCAL/Src/SPI.o
 .debug_macro   0x0000000000002bd7      0x21e MCAL/Src/USART.o
 .debug_macro   0x0000000000002df5      0x20c Src/main.o

.debug_line     0x0000000000000000     0x33df
 .debug_line    0x0000000000000000      0x6da APP/SPI_Debug_Analysis.o
 .debug_line    0x00000000000006da      0x7f7 MCAL/Src/EXTI.o
 .debug_line    0x0000000000000ed1      0x733 MCAL/Src/GPIO.o
 .debug_line    0x0000000000001604      0x687 MCAL/Src/RCC.o
 .debug_line    0x0000000000001c8b      0x7cf MCAL/Src/SPI.o
 .debug_line    0x000000000000245a      0x868 MCAL/Src/USART.o
 .debug_line    0x0000000000002cc2      0x699 Src/main.o
 .debug_line    0x000000000000335b       0x84 Startup/startup_stm32f103c6tx.o

.debug_str      0x0000000000000000     0xb8bb
 .debug_str     0x0000000000000000     0x9959 APP/SPI_Debug_Analysis.o
                                       0x9bc3 (size before relaxing)
 .debug_str     0x0000000000009959     0x1652 MCAL/Src/EXTI.o
                                       0xa580 (size before relaxing)
 .debug_str     0x000000000000afab      0x5c1 MCAL/Src/GPIO.o
                                       0x94fb (size before relaxing)
 .debug_str     0x000000000000b56c       0x8d MCAL/Src/RCC.o
                                       0x9477 (size before relaxing)
 .debug_str     0x000000000000b5f9       0xfa MCAL/Src/SPI.o
                                       0x9b23 (size before relaxing)
 .debug_str     0x000000000000b6f3      0x184 MCAL/Src/USART.o
                                       0x9ce3 (size before relaxing)
 .debug_str     0x000000000000b877       0x13 Src/main.o
                                       0x96c9 (size before relaxing)
 .debug_str     0x000000000000b88a       0x31 Startup/startup_stm32f103c6tx.o
                                         0x7e (size before relaxing)

.comment        0x0000000000000000       0x7b
 .comment       0x0000000000000000       0x7b APP/SPI_Debug_Analysis.o
                                         0x7c (size before relaxing)
 .comment       0x000000000000007b       0x7c MCAL/Src/EXTI.o
 .comment       0x000000000000007b       0x7c MCAL/Src/GPIO.o
 .comment       0x000000000000007b       0x7c MCAL/Src/RCC.o
 .comment       0x000000000000007b       0x7c MCAL/Src/SPI.o
 .comment       0x000000000000007b       0x7c MCAL/Src/USART.o
 .comment       0x000000000000007b       0x7c Src/main.o

.debug_frame    0x0000000000000000      0x71c
 .debug_frame   0x0000000000000000       0x4c APP/SPI_Debug_Analysis.o
 .debug_frame   0x000000000000004c      0x1b4 MCAL/Src/EXTI.o
 .debug_frame   0x0000000000000200      0x174 MCAL/Src/GPIO.o
 .debug_frame   0x0000000000000374       0xcc MCAL/Src/RCC.o
 .debug_frame   0x0000000000000440      0x134 MCAL/Src/SPI.o
 .debug_frame   0x0000000000000574      0x150 MCAL/Src/USART.o
 .debug_frame   0x00000000000006c4       0x2c Src/main.o
 .debug_frame   0x00000000000006f0       0x2c c:/st/stm32cubeide_1.4.0/stm32cubeide/plugins/com.st.stm32cube.ide.mcu.externaltools.gnu-tools-for-stm32.7-2018-q2-update.win32_1.4.0.202007081208/tools/bin/../lib/gcc/arm-none-eabi/7.3.1/../../../../arm-none-eabi/lib/thumb/v7-m\libc_nano.a(lib_a-init.o)
